Command: /home/abhi/.espressif/python_env/idf5.5_py3.13_env/bin/python /home/abhi/esp/esp-idf/tools/idf_monitor.py -p /dev/ttyACM0 -b 115200 --toolchain-prefix xtensa-esp32s3-elf- --target esp32s3 --revision 0 /home/abhi/University of Michigan Dropbox/Abhipol Vibhatasilpin/school/cse598/sonotouch/fw/sonostream/build/sonostream.elf /home/abhi/University of Michigan Dropbox/Abhipol Vibhatasilpin/school/cse598/sonotouch/fw/sonostream/build/bootloader/bootloader.elf -m '/home/abhi/.espressif/python_env/idf5.5_py3.13_env/bin/python' '/home/abhi/esp/esp-idf/tools/idf.py' '-p' '/dev/ttyACM0'
[0;32mI (107) esp_image: segment 1: paddr=0002a6f8 vaddr=3fc99e00 sizeESP-ROM:esp32s3-20210327[0m
Build:Mar 27 2021
rst:0x15 (USB_UART_CHIP_RESET),boot:0x28 (SPI_FAST_FLASH_BOOT)
Saved PC:0x403cd7e2
SPIWP:0xee
mode:DIO, clock div:1
load:0x3fce2820,len:0x15d0
load:0x403c8700,len:0xd20
load:0x403cb700,len:0x2f60
entry 0x403c8924
[0;32mI (24) boot: ESP-IDF v5.5-dev-2290-g94cfe394fe-dirty 2nd stage bootloader[0m
[0;32mI (25) boot: compile time Mar  8 2025 22:06:51[0m
[0;32mI (25) boot: Multicore bootloader[0m
[0;32mI (27) boot: chip revision: v0.1[0m
[0;32mI (30) boot: efuse block revision: v1.2[0m
[0;32mI (33) boot.esp32s3: Boot SPI Speed : 80MHz[0m
[0;32mI (37) boot.esp32s3: SPI Mode       : DIO[0m
[0;32mI (41) boot.esp32s3: SPI Flash Size : 2MB[0m
[0;32mI (45) boot: Enabling RNG early entropy source...[0m
[0;32mI (49) boot: Partition Table:[0m
[0;32mI (52) boot: ## Label            Usage          Type ST Offset   Length[0m
[0;32mI (58) boot:  0 nvs              WiFi data        01 02 00009000 00006000[0m
[0;32mI (65) boot:  1 phy_init         RF data          01 01 0000f000 00001000[0m
[0;32mI (71) boot:  2 factory          factory app      00 00 00010000 00100000[0m
[0;32mI (78) boot: End of partition table[0m
[0;32mI (81) esp_image: segment 0: paddr=00010020 vaddr=3c090020 size=1a6d0h (108240) map[0m
[0;32mI (107) esp_image: segment 1: paddr=0002a6f8 vaddr=3fc99e00 size=0499ch ( 18844) load[0m
[0;32mI (112) esp_image: segment 2: paddr=0002f09c vaddr=40374000 size=00f7ch (  3964) load[0m
[0;32mI (113) esp_image: segment 3: paddr=00030020 vaddr=42000020 size=85d30h (548144) map[0m
[0;32mI (216) esp_image: segment 4: paddr=000b5d58 vaddr=40374f7c size=14dach ( 85420) load[0m
[0;32mI (234) esp_image: segment 5: paddr=000cab0c vaddr=600fe000 size=0001ch (    28) load[0m
[0;32mI (243) boot: Loaded app from partition at offset 0x10000[0m
[0;32mI (244) boot: Disabling RNG early entropy source...[0m
[0;32mI (254) cpu_start: Multicore app[0m
[0;32mI (263) cpu_start: Pro cpu start user code[0m
[0;32mI (263) cpu_start: cpu freq: 160000000 Hz[0m
[0;32mI (263) app_init: Application information:[0m
[0;32mI (263) app_init: Project name:     sonostream[0m
[0;32mI (267) app_init: App version:      52524e4-dirty[0m
[0;32mI (271) app_init: Compile time:     Mar 16 2025 17:45:46[0m
[0;32mI (276) app_init: ELF file SHA256:  966beabbe...[0m
[0;32mI (281) app_init: ESP-IDF:          v5.5-dev-2290-g94cfe394fe-dirty[0m
[0;32mI (287) efuse_init: Min chip rev:     v0.0[0m
[0;32mI (291) efuse_init: Max chip rev:     v0.99 [0m
[0;32mI (295) efuse_init: Chip rev:         v0.1[0m
[0;32mI (299) heap_init: Initializing. RAM available for dynamic allocation:[0m
[0;32mI (305) heap_init: At 3FCA2428 len 000472E8 (284 KiB): RAM[0m
[0;32mI (310) heap_init: At 3FCE9710 len 00005724 (21 KiB): RAM[0m
[0;32mI (315) heap_init: At 3FCF0000 len 00008000 (32 KiB): DRAM[0m
[0;32mI (320) heap_init: At 600FE01C len 00001FCC (7 KiB): RTCRAM[0m
[0;32mI (327) spi_flash: detected chip: generic[0m
[0;32mI (329) spi_flash: flash io: dio[0m
[0;33mW (332) spi_flash: Detected size(8192k) larger than the size in the binary image header(2048k). Using the size in the binary image header.[0m
[0;32mI (345) sleep_gpio: Configure to isolate all GPIO pins in sleep state[0m
[0;32mI (351) sleep_gpio: Enable automatic switching of GPIO sleep configuration[0m
[0;32mI (358) main_task: Started on CPU0[0m
[0;32mI (368) main_task: Calling app_main()[0m

assert failed: xQueueGenericSend queue.c:936 (pxQueue)


Backtrace: 0x40375be5:0x3fca5d50 0x4037bc89:0x3fca5d70 0x40383e91:0x3fca5d90 0x4037c0de:0x3fca5eb0 0x4200c1e7:0x3fca5ef0 0x42084d9c:0x3fca5f20 0x4037c789:0x3fca5f50




ELF file SHA256: 966beabbe

Rebooting...
ESP-ROM:esp32s3-20210327
Build:Mar 27 2021
rst:0xc (RTC_SW_CPU_RST),boot:0x28 (SPI_FAST_FLASH_BOOT)
Saved PC:0x40375b24
SPIWP:0xee
mode:DIO, clock div:1
load:0x3fce2820,len:0x15d0
load:0x403c8700,len:0xd20
load:0x403cb700,len:0x2f60
entry 0x403c8924
[0;32mI (24) boot: ESP-IDF v5.5-dev-2290-g94cfe394fe-dirty 2nd stage bootloader[0m
[0;32mI (24) boot: compile time Mar  8 2025 22:06:51[0m
[0;32mI (24) boot: Multicore bootloader[0m
[0;32mI (26) boot: chip revision: v0.1[0m
[0;32mI (29) boot: efuse block revision: v1.2[0m
[0;32mI (33) boot.esp32s3: Boot SPI Speed : 80MHz[0m
[0;32mI (37) boot.esp32s3: SPI Mode       : DIO[0m
[0;32mI (40) boot.esp32s3: SPI Flash Size : 2MB[0m
[0;32mI (44) boot: Enabling RNG early entropy source...[0m
[0;32mI (49) boot: Partition Table:[0m
[0;32mI (51) boot: ## Label            Usage          Type ST Offset   Length[0m
[0;32mI (58) boot:  0 nvs              WiFi data        01 02 00009000 00006000[0m
[0;32mI (64) boot:  1 phy_init         RF data          01 01 0000f000 00001000[0m
[0;32mI (71) boot:  2 factory          factory app      00 00 00010000 00100000[0m
[0;32mI (77) boot: End of partition table[0m
[0;32mI (81) esp_image: segment 0: paddr=00010020 vaddr=3c090020 size=1a6d0h (108240) map[0m
[0;32mI (107) esp_image: segment 1: paddr=0002a6f8 vaddr=3fc99e00 size=0499ch ( 18844) load[0m
[0;32mI (111) esp_image: segment 2: paddr=0002f09c vaddr=40374000 size=00f7ch (  3964) load[0m
[0;32mI (113) esp_image: segment 3: paddr=00030020 vaddr=42000020 size=85d30h (548144) map[0m
[0;32mI (215) esp_image: segment 4: paddr=000b5d58 vaddr=40374f7c size=14dach ( 85420) load[0m
[0;32mI (234) esp_image: segment 5: paddr=000cab0c vaddr=600fe000 size=0001ch (    28) load[0m
[0;32mI (243) boot: Loaded app from partition at offset 0x10000[0m
[0;32mI (243) boot: Disabling RNG early entropy source...[0m
[0;32mI (253) cpu_start: Multicore app[0m
[0;32mI (262) cpu_start: Pro cpu start user code[0m
[0;32mI (262) cpu_start: cpu freq: 160000000 Hz[0m
[0;32mI (262) app_init: Application information:[0m
[0;32mI (263) app_init: Project name:     sonostream[0m
[0;32mI (266) app_init: App version:      52524e4-dirty[0m
[0;32mI (271) app_init: Compile time:     Mar 16 2025 17:45:46[0m
[0;32mI (276) app_init: ELF file SHA256:  966beabbe...[0m
[0;32mI (280) app_init: ESP-IDF:          v5.5-dev-2290-g94cfe394fe-dirty[0m
[0;32mI (286) efuse_init: Min chip rev:     v0.0[0m
[0;32mI (290) efuse_init: Max chip rev:     v0.99 [0m
[0;32mI (294) efuse_init: Chip rev:         v0.1[0m
[0;32mI (298) heap_init: Initializing. RAM available for dynamic allocation:[0m
[0;32mI (304) heap_init: At 3FCA2428 len 000472E8 (284 KiB): RAM[0m
[0;32mI (309) heap_init: At 3FCE9710 len 00005724 (21 KiB): RAM[0m
[0;32mI (314) heap_init: At 3FCF0000 len 00008000 (32 KiB): DRAM[0m
[0;32mI (320) heap_init: At 600FE01C len 00001FCC (7 KiB): RTCRAM[0m
[0;32mI (326) spi_flash: detected chip: generic[0m
[0;32mI (329) spi_flash: flash io: dio[0m
[0;33mW (332) spi_flash: Detected size(8192k) larger than the size in the binary image header(2048k). Using the size in the binary image header.[0m
[0;32mI (344) sleep_gpio: Configure to isolate all GPIO pins in sleep state[0m
[0;32mI (350) sleep_gpio: Enable automatic switching of GPIO sleep configuration[0m
[0;32mI (357) main_task: Started on CPU0[0m
[0;32mI (367) main_task: Calling app_main()[0m

assert failed: xQueueGenericSend queue.c:936 (pxQueue)


Backtrace: 0x40375be5:0x3fca5d50 0x4037bc89:0x3fca5d70 0x40383e91:0x3fca5d90 0x4037c0de:0x3fca5eb0 0x4200c1e7:0x3fca5ef0 0x42084d9c:0x3fca5f20 0x4037c789:0x3fca5f50




ELF file SHA256: 966beabbe

Rebooting...
ESP-ROM:esp32s3-20210327
Build:Mar 27 2021
rst:0xc (RTC_SW_CPU_RST),boot:0x28 (SPI_FAST_FLASH_BOOT)
Saved PC:0x40375b24
SPIWP:0xee
mode:DIO, clock div:1
load:0x3fce2820,len:0x15d0
load:0x403c8700,len:0xd20
load:0x403cb700,len:0x2f60
entry 0x403c8924
[0;32mI (24) boot: ESP-IDF v5.5-dev-2290-g94cfe394fe-dirty 2nd stage bootloader[0m
[0;32mI (24) boot: compile time Mar  8 2025 22:06:51[0m
[0;32mI (24) boot: Multicore bootloader[0m
[0;32mI (26) boot: chip revision: v0.1[0m
[0;32mI (29) boot: efuse block revision: v1.2[0m
[0;32mI (33) boot.esp32s3: Boot SPI Speed : 80MHz[0m
[0;32mI (37) boot.esp32s3: SPI Mode       : DIO[0m
[0;32mI (40) boot.esp32s3: SPI Flash Size : 2MB[0m
[0;32mI (44) boot: Enabling RNG early entropy source...[0m
[0;32mI (49) boot: Partition Table:[0m
[0;32mI (51) boot: ## Label            Usage          Type ST Offset   Length[0m
[0;32mI (58) boot:  0 nvs              WiFi data        01 02 00009000 00006000[0m
[0;32mI (64) boot:  1 phy_init         RF data          01 01 0000f000 00001000[0m
[0;32mI (71) boot:  2 factory          factory app      00 00 00010000 00100000[0m
[0;32mI (77) boot: End of partition table[0m
[0;32mI (81) esp_image: segment 0: paddr=00010020 vaddr=3c090020 size=1a6d0h (108240) map[0m
[0;32mI (107) esp_image: segment 1: paddr=0002a6f8 vaddr=3fc99e00 size=0499ch ( 18844) load[0m
[0;32mI (111) esp_image: segment 2: paddr=0002f09c vaddr=40374000 size=00f7ch (  3964) load[0m
[0;32mI (113) esp_image: segment 3: paddr=00030020 vaddr=42000020 size=85d30h (548144) map[0m
[0;32mI (215) esp_image: segment 4: paddr=000b5d58 vaddr=40374f7c size=14dach ( 85420) load[0m
[0;32mI (234) esp_image: segment 5: paddr=000cab0c vaddr=600fe000 size=0001ch (    28) load[0m
[0;32mI (243) boot: Loaded app from partition at offset 0x10000[0m
[0;32mI (243) boot: Disabling RNG early entropy source...[0m
[0;32mI (253) cpu_start: Multicore app[0m
[0;32mI (262) cpu_start: Pro cpu start user code[0m
[0;32mI (262) cpu_start: cpu freq: 160000000 Hz[0m
[0;32mI (262) app_init: Application information:[0m
[0;32mI (263) app_init: Project name:     sonostream[0m
[0;32mI (266) app_init: App version:      52524e4-dirty[0m
[0;32mI (271) app_init: Compile time:     Mar 16 2025 17:45:46[0m
[0;32mI (276) app_init: ELF file SHA256:  966beabbe...[0m
[0;32mI (280) app_init: ESP-IDF:          v5.5-dev-2290-g94cfe394fe-dirty[0m
[0;32mI (286) efuse_init: Min chip rev:     v0.0[0m
[0;32mI (290) efuse_init: Max chip rev:     v0.99 [0m
[0;32mI (294) efuse_init: Chip rev:         v0.1[0m
[0;32mI (298) heap_init: Initializing. RAM available for dynamic allocation:[0m
[0;32mI (304) heap_init: At 3FCA2428 len 000472E8 (284 KiB): RAM[0m
[0;32mI (309) heap_init: At 3FCE9710 len 00005724 (21 KiB): RAM[0m
[0;32mI (314) heap_init: At 3FCF0000 len 00008000 (32 KiB): DRAM[0m
[0;32mI (320) heap_init: At 600FE01C len 00001FCC (7 KiB): RTCRAM[0m
[0;32mI (326) spi_flash: detected chip: generic[0m
[0;32mI (329) spi_flash: flash io: dio[0m
[0;33mW (332) spi_flash: Detected size(8192k) larger than the size in the binary image header(2048k). Using the size in the binary image header.[0m
[0;32mI (344) sleep_gpio: Configure to isolate all GPIO pins in sleep state[0m
[0;32mI (350) sleep_gpio: Enable automatic switching of GPIO sleep configuration[0m
[0;32mI (357) main_task: Started on CPU0[0m
[0;32mI (367) main_task: Calling app_main()[0m

assert failed: xQueueGenericSend queue.c:936 (pxQueue)


Backtrace: 0x40375be5:0x3fca5d50 0x4037bc89:0x3fca5d70 0x40383e91:0x3fca5d90 0x4037c0de:0x3fca5eb0 0x4200c1e7:0x3fca5ef0 0x42084d9c:0x3fca5f20 0x4037c789:0x3fca5f50




ELF file SHA256: 966beabbe

Rebooting...
ESP-ROM:esp32s3-20210327
Build:Mar 27 2021
rst:0xc (RTC_SW_CPU_RST),boot:0x28 (SPI_FAST_FLASH_BOOT)
Saved PC:0x40375b24
SPIWP:0xee
mode:DIO, clock div:1
load:0x3fce2820,len:0x15d0
load:0x403c8700,len:0xd20
load:0x403cb700,len:0x2f60
entry 0x403c8924
[0;32mI (24) boot: ESP-IDF v5.5-dev-2290-g94cfe394fe-dirty 2nd stage bootloader[0m
[0;32mI (24) boot: compile time Mar  8 2025 22:06:51[0m
[0;32mI (24) boot: Multicore bootloader[0m
[0;32mI (26) boot: chip revision: v0.1[0m
[0;32mI (29) boot: efuse block revision: v1.2[0m
[0;32mI (33) boot.esp32s3: Boot SPI Speed : 80MHz[0m
[0;32mI (37) boot.esp32s3: SPI Mode       : DIO[0m
[0;32mI (40) boot.esp32s3: SPI Flash Size : 2MB[0m
[0;32mI (44) boot: Enabling RNG early entropy source...[0m
[0;32mI (49) boot: Partition Table:[0m
[0;32mI (51) boot: ## Label            Usage          Type ST Offset   Length[0m
[0;32mI (58) boot:  0 nvs              WiFi data        01 02 00009000 00006000[0m
[0;32mI (64) boot:  1 phy_init         RF data          01 01 0000f000 00001000[0m
[0;32mI (71) boot:  2 factory          factory app      00 00 00010000 00100000[0m
[0;32mI (77) boot: End of partition table[0m
[0;32mI (81) esp_image: segment 0: paddr=00010020 vaddr=3c090020 size=1a6d0h (108240) map[0m
[0;32mI (107) esp_image: segment 1: paddr=0002a6f8 vaddr=3fc99e00 size=0499ch ( 18844) load[0m
[0;32mI (111) esp_image: segment 2: paddr=0002f09c vaddr=40374000 size=00f7ch (  3964) load[0m
[0;32mI (113) esp_image: segment 3: paddr=00030020 vaddr=42000020 size=85d30h (548144) map[0m
[0;32mI (215) esp_image: segment 4: paddr=000b5d58 vaddr=40374f7c size=14dach ( 85420) load[0m
[0;32mI (234) esp_image: segment 5: paddr=000cab0c vaddr=600fe000 size=0001ch (    28) load[0m
[0;32mI (243) boot: Loaded app from partition at offset 0x10000[0m
[0;32mI (243) boot: Disabling RNG early entropy source...[0m
[0;32mI (253) cpu_start: Multicore app[0m
[0;32mI (262) cpu_start: Pro cpu start user code[0m
[0;32mI (262) cpu_start: cpu freq: 160000000 Hz[0m
[0;32mI (262) app_init: Application information:[0m
[0;32mI (263) app_init: Project name:     sonostream[0m
[0;32mI (266) app_init: App version:      52524e4-dirty[0m
[0;32mI (271) app_init: Compile time:     Mar 16 2025 17:45:46[0m
[0;32mI (276) app_init: ELF file SHA256:  966beabbe...[0m
[0;32mI (280) app_init: ESP-IDF:          v5.5-dev-2290-g94cfe394fe-dirty[0m
[0;32mI (286) efuse_init: Min chip rev:     v0.0[0m
[0;32mI (290) efuse_init: Max chip rev:     v0.99 [0m
[0;32mI (294) efuse_init: Chip rev:         v0.1[0m
[0;32mI (298) heap_init: Initializing. RAM available for dynamic allocation:[0m
[0;32mI (304) heap_init: At 3FCA2428 len 000472E8 (284 KiB): RAM[0m
[0;32mI (309) heap_init: At 3FCE9710 len 00005724 (21 KiB): RAM[0m
[0;32mI (314) heap_init: At 3FCF0000 len 00008000 (32 KiB): DRAM[0m
[0;32mI (320) heap_init: At 600FE01C len 00001FCC (7 KiB): RTCRAM[0m
[0;32mI (326) spi_flash: detected chip: generic[0m
[0;32mI (329) spi_flash: flash io: dio[0m
[0;33mW (332) spi_flash: Detected size(8192k) larger than the size in the binary image header(2048k). Using the size in the binary image header.[0m
[0;32mI (344) sleep_gpio: Configure to isolate all GPIO pins in sleep state[0m
[0;32mI (350) sleep_gpio: Enable automatic switching of GPIO sleep configuration[0m
[0;32mI (357) main_task: Started on CPU0[0m
[0;32mI (367) main_task: Calling app_main()[0m

assert failed: xQueueGenericSend queue.c:936 (pxQueue)


Backtrace: 0x40375be5:0x3fca5d50 0x4037bc89:0x3fca5d70 0x40383e91:0x3fca5d90 0x4037c0de:0x3fca5eb0 0x4200c1e7:0x3fca5ef0 0x42084d9c:0x3fca5f20 0x4037c789:0x3fca5f50




ELF file SHA256: 966beabbe

Rebooting...
ESP-ROM:esp32s3-20210327
Build:Mar 27 2021
rst:0xc (RTC_SW_CPU_RST),boot:0x28 (SPI_FAST_FLASH_BOOT)
Saved PC:0x40375b24
SPIWP:0xee
mode:DIO, clock div:1
load:0x3fce2820,len:0x15d0
load:0x403c8700,len:0xd20
load:0x403cb700,len:0x2f60
entry 0x403c8924
[0;32mI (24) boot: ESP-IDF v5.5-dev-2290-g94cfe394fe-dirty 2nd stage bootloader[0m
[0;32mI (24) boot: compile time Mar  8 2025 22:06:51[0m
[0;32mI (24) boot: Multicore bootloader[0m
[0;32mI (26) boot: chip revision: v0.1[0m
[0;32mI (29) boot: efuse block revision: v1.2[0m
[0;32mI (33) boot.esp32s3: Boot SPI Speed : 80MHz[0m
[0;32mI (37) boot.esp32s3: SPI Mode       : DIO[0m
[0;32mI (40) boot.esp32s3: SPI Flash Size : 2MB[0m
[0;32mI (44) boot: Enabling RNG early entropy source...[0m
[0;32mI (49) boot: Partition Table:[0m
[0;32mI (51) boot: ## Label            Usage          Type ST Offset   Length[0m
[0;32mI (58) boot:  0 nvs              WiFi data        01 02 00009000 00006000[0m
[0;32mI (64) boot:  1 phy_init         RF data          01 01 0000f000 00001000[0m
[0;32mI (71) boot:  2 factory          factory app      00 00 00010000 00100000[0m
[0;32mI (77) boot: End of partition table[0m
[0;32mI (81) esp_image: segment 0: paddr=00010020 vaddr=3c090020 size=1a6d0h (108240) map[0m
[0;32mI (107) esp_image: segment 1: paddr=0002a6f8 vaddr=3fc99e00 size=0499ch ( 18844) load[0m
[0;32mI (111) esp_image: segment 2: paddr=0002f09c vaddr=40374000 size=00f7ch (  3964) load[0m
[0;32mI (113) esp_image: segment 3: paddr=00030020 vaddr=42000020 size=85d30h (548144) map[0m
[0;32mI (215) esp_image: segment 4: paddr=000b5d58 vaddr=40374f7c size=14dach ( 85420) load[0m
[0;32mI (234) esp_image: segment 5: paddr=000cab0c vaddr=600fe000 size=0001ch (    28) load[0m
[0;32mI (243) boot: Loaded app from partition at offset 0x10000[0m
[0;32mI (243) boot: Disabling RNG early entropy source...[0m
[0;32mI (253) cpu_start: Multicore app[0m
[0;32mI (262) cpu_start: Pro cpu start user code[0m
[0;32mI (262) cpu_start: cpu freq: 160000000 Hz[0m
[0;32mI (262) app_init: Application information:[0m
[0;32mI (263) app_init: Project name:     sonostream[0m
[0;32mI (266) app_init: App version:      52524e4-dirty[0m
[0;32mI (271) app_init: Compile time:     Mar 16 2025 17:45:46[0m
[0;32mI (276) app_init: ELF file SHA256:  966beabbe...[0m
[0;32mI (280) app_init: ESP-IDF:          v5.5-dev-2290-g94cfe394fe-dirty[0m
[0;32mI (286) efuse_init: Min chip rev:     v0.0[0m
[0;32mI (290) efuse_init: Max chip rev:     v0.99 [0m
[0;32mI (294) efuse_init: Chip rev:         v0.1[0m
[0;32mI (298) heap_init: Initializing. RAM available for dynamic allocation:[0m
[0;32mI (304) heap_init: At 3FCA2428 len 000472E8 (284 KiB): RAM[0m
[0;32mI (309) heap_init: At 3FCE9710 len 00005724 (21 KiB): RAM[0m
[0;32mI (314) heap_init: At 3FCF0000 len 00008000 (32 KiB): DRAM[0m
[0;32mI (320) heap_init: At 600FE01C len 00001FCC (7 KiB): RTCRAM[0m
[0;32mI (326) spi_flash: detected chip: generic[0m
[0;32mI (329) spi_flash: flash io: dio[0m
[0;33mW (332) spi_flash: Detected size(8192k) larger than the size in the binary image header(2048k). Using the size in the binary image header.[0m
[0;32mI (344) sleep_gpio: Configure to isolate all GPIO pins in sleep state[0m
[0;32mI (350) sleep_gpio: Enable automatic switching of GPIO sleep configuration[0m
[0;32mI (357) main_task: Started on CPU0[0m
[0;32mI (367) main_task: Calling app_main()[0m

assert failed: xQueueGenericSend queue.c:936 (pxQueue)


Backtrace: 0x40375be5:0x3fca5d50 0x4037bc89:0x3fca5d70 0x40383e91:0x3fca5d90 0x4037c0de:0x3fca5eb0 0x4200c1e7:0x3fca5ef0 0x42084d9c:0x3fca5f20 0x4037c789:0x3fca5f50




ELF file SHA256: 966beabbe

Rebooting...
ESP-ROM:esp32s3-20210327
Build:Mar 27 2021
rst:0xc (RTC_SW_CPU_RST),boot:0x28 (SPI_FAST_FLASH_BOOT)
Saved PC:0x40375b24
SPIWP:0xee
mode:DIO, clock div:1
load:0x3fce2820,len:0x15d0
load:0x403c8700,len:0xd20
load:0x403cb700,len:0x2f60
entry 0x403c8924
[0;32mI (24) boot: ESP-IDF v5.5-dev-2290-g94cfe394fe-dirty 2nd stage bootloader[0m
[0;32mI (24) boot: compile time Mar  8 2025 22:06:51[0m
[0;32mI (24) boot: Multicore bootloader[0m
[0;32mI (26) boot: chip revision: v0.1[0m
[0;32mI (29) boot: efuse block revision: v1.2[0m
[0;32mI (33) boot.esp32s3: Boot SPI Speed : 80MHz[0m
[0;32mI (37) boot.esp32s3: SPI Mode       : DIO[0m
[0;32mI (40) boot.esp32s3: SPI Flash Size : 2MB[0m
[0;32mI (44) boot: Enabling RNG early entropy source...[0m
[0;32mI (49) boot: Partition Table:[0m
[0;32mI (51) boot: ## Label            Usage          Type ST Offset   Length[0m
[0;32mI (58) boot:  0 nvs              WiFi data        01 02 00009000 00006000[0m
[0;32mI (64) boot:  1 phy_init         RF data          01 01 0000f000 00001000[0m
[0;32mI (71) boot:  2 factory          factory app      00 00 00010000 00100000[0m
[0;32mI (77) boot: End of partition table[0m
[0;32mI (81) esp_image: segment 0: paddr=00010020 vaddr=3c090020 size=1a6d0h (108240) map[0m
[0;32mI (107) esp_image: segment 1: paddr=0002a6f8 vaddr=3fc99e00 size=0499ch ( 18844) load[0m
[0;32mI (111) esp_image: segment 2: paddr=0002f09c vaddr=40374000 size=00f7ch (  3964) load[0m
[0;32mI (113) esp_image: segment 3: paddr=00030020 vaddr=42000020 size=85d30h (548144) map[0m
[0;32mI (215) esp_image: segment 4: paddr=000b5d58 vaddr=40374f7c size=14dach ( 85420) load[0m
[0;32mI (234) esp_image: segment 5: paddr=000cab0c vaddr=600fe000 size=0001ch (    28) load[0m
[0;32mI (243) boot: Loaded app from partition at offset 0x10000[0m
[0;32mI (243) boot: Disabling RNG early entropy source...[0m
[0;32mI (253) cpu_start: Multicore app[0m
[0;32mI (262) cpu_start: Pro cpu start user code[0m
[0;32mI (262) cpu_start: cpu freq: 160000000 Hz[0m
[0;32mI (262) app_init: Application information:[0m
[0;32mI (263) app_init: Project name:     sonostream[0m
[0;32mI (266) app_init: App version:      52524e4-dirty[0m
[0;32mI (271) app_init: Compile time:     Mar 16 2025 17:45:46[0m
[0;32mI (276) app_init: ELF file SHA256:  966beabbe...[0m
[0;32mI (280) app_init: ESP-IDF:          v5.5-dev-2290-g94cfe394fe-dirty[0m
[0;32mI (286) efuse_init: Min chip rev:     v0.0[0m
[0;32mI (290) efuse_init: Max chip rev:     v0.99 [0m
[0;32mI (294) efuse_init: Chip rev:         v0.1[0m
[0;32mI (298) heap_init: Initializing. RAM available for dynamic allocation:[0m
[0;32mI (304) heap_init: At 3FCA2428 len 000472E8 (284 KiB): RAM[0m
[0;32mI (309) heap_init: At 3FCE9710 len 00005724 (21 KiB): RAM[0m
[0;32mI (314) heap_init: At 3FCF0000 len 00008000 (32 KiB): DRAM[0m
[0;32mI (320) heap_init: At 600FE01C len 00001FCC (7 KiB): RTCRAM[0m
[0;32mI (326) spi_flash: detected chip: generic[0m
[0;32mI (329) spi_flash: flash io: dio[0m
[0;33mW (332) spi_flash: Detected size(8192k) larger than the size in the binary image header(2048k). Using the size in the binary image header.[0m
[0;32mI (344) sleep_gpio: Configure to isolate all GPIO pins in sleep state[0m
[0;32mI (350) sleep_gpio: Enable automatic switching of GPIO sleep configuration[0m
[0;32mI (357) main_task: Started on CPU0[0m
[0;32mI (367) main_task: Calling app_main()[0m

assert failed: xQueueGenericSend queue.c:936 (pxQueue)


Backtrace: 0x40375be5:0x3fca5d50 0x4037bc89:0x3fca5d70 0x40383e91:0x3fca5d90 0x4037c0de:0x3fca5eb0 0x4200c1e7:0x3fca5ef0 0x42084d9c:0x3fca5f20 0x4037c789:0x3fca5f50




ELF file SHA256: 966beabbe

Rebooting...
ESP-ROM:esp32s3-20210327
Build:Mar 27 2021
rst:0xc (RTC_SW_CPU_RST),boot:0x28 (SPI_FAST_FLASH_BOOT)
Saved PC:0x40375b24
SPIWP:0xee
mode:DIO, clock div:1
load:0x3fce2820,len:0x15d0
load:0x403c8700,len:0xd20
load:0x403cb700,len:0x2f60
entry 0x403c8924
[0;32mI (24) boot: ESP-IDF v5.5-dev-2290-g94cfe394fe-dirty 2nd stage bootloader[0m
[0;32mI (24) boot: compile time Mar  8 2025 22:06:51[0m
[0;32mI (24) boot: Multicore bootloader[0m
[0;32mI (26) boot: chip revision: v0.1[0m
[0;32mI (29) boot: efuse block revision: v1.2[0m
[0;32mI (33) boot.esp32s3: Boot SPI Speed : 80MHz[0m
[0;32mI (37) boot.esp32s3: SPI Mode       : DIO[0m
[0;32mI (40) boot.esp32s3: SPI Flash Size : 2MB[0m
[0;32mI (44) boot: Enabling RNG early entropy source...[0m
[0;32mI (49) boot: Partition Table:[0m
[0;32mI (51) boot: ## Label            Usage          Type ST Offset   Length[0m
[0;32mI (58) boot:  0 nvs              WiFi data        01 02 00009000 00006000[0m
[0;32mI (64) boot:  1 phy_init         RF data          01 01 0000f000 00001000[0m
[0;32mI (71) boot:  2 factory          factory app      00 00 00010000 00100000[0m
[0;32mI (77) boot: End of partition table[0m
[0;32mI (81) esp_image: segment 0: paddr=00010020 vaddr=3c090020 size=1a6d0h (108240) map[0m
[0;32mI (107) esp_image: segment 1: paddr=0002a6f8 vaddr=3fc99e00 size=0499ch ( 18844) load[0m
[0;32mI (111) esp_image: segment 2: paddr=0002f09c vaddr=40374000 size=00f7ch (  3964) load[0m
[0;32mI (113) esp_image: segment 3: paddr=00030020 vaddr=42000020 size=85d30h (548144) map[0m
[0;32mI (215) esp_image: segment 4: paddr=000b5d58 vaddr=40374f7c size=14dach ( 85420) load[0m
[0;32mI (234) esp_image: segment 5: paddr=000cab0c vaddr=600fe000 size=0001ch (    28) load[0m
[0;32mI (243) boot: Loaded app from partition at offset 0x10000[0m
[0;32mI (243) boot: Disabling RNG early entropy source...[0m
[0;32mI (253) cpu_start: Multicore app[0m
[0;32mI (262) cpu_start: Pro cpu start user code[0m
[0;32mI (262) cpu_start: cpu freq: 160000000 Hz[0m
[0;32mI (263) app_init: Application information:[0m
[0;32mI (263) app_init: Project name:     sonostream[0m
[0;32mI (266) app_init: App version:      52524e4-dirty[0m
[0;32mI (271) app_init: Compile time:     Mar 16 2025 17:45:46[0m
[0;32mI (276) app_init: ELF file SHA256:  966beabbe...[0m
[0;32mI (280) app_init: ESP-IDF:          v5.5-dev-2290-g94cfe394fe-dirty[0m
[0;32mI (286) efuse_init: Min chip rev:     v0.0[0m
[0;32mI (290) efuse_init: Max chip rev:     v0.99 [0m
[0;32mI (294) efuse_init: Chip rev:         v0.1[0m
[0;32mI (298) heap_init: Initializing. RAM available for dynamic allocation:[0m
[0;32mI (304) heap_init: At 3FCA2428 len 000472E8 (284 KiB): RAM[0m
[0;32mI (309) heap_init: At 3FCE9710 len 00005724 (21 KiB): RAM[0m
[0;32mI (314) heap_init: At 3FCF0000 len 00008000 (32 KiB): DRAM[0m
[0;32mI (320) heap_init: At 600FE01C len 00001FCC (7 KiB): RTCRAM[0m
[0;32mI (326) spi_flash: detected chip: generic[0m
[0;32mI (329) spi_flash: flash io: dio[0m
[0;33mW (332) spi_flash: Detected size(8192k) larger than the size in the binary image header(2048k). Using the size in the binary image header.[0m
[0;32mI (344) sleep_gpio: Configure to isolate all GPIO pins in sleep state[0m
[0;32mI (350) sleep_gpio: Enable automatic switching of GPIO sleep configuration[0m
[0;32mI (357) main_task: Started on CPU0[0m
[0;32mI (367) main_task: Calling app_main()[0m

assert failed: xQueueGenericSend queue.c:936 (pxQueue)


Backtrace: 0x40375be5:0x3fca5d50 0x4037bc89:0x3fca5d70 0x40383e91:0x3fca5d90 0x4037c0de:0x3fca5eb0 0x4200c1e7:0x3fca5ef0 0x42084d9c:0x3fca5f20 0x4037c789:0x3fca5f50




ELF file SHA256: 966beabbe

Rebooting...
ESP-ROM:esp32s3-20210327
Build:Mar 27 2021
rst:0xc (RTC_SW_CPU_RST),boot:0x28 (SPI_FAST_FLASH_BOOT)
Saved PC:0x40375b24
SPIWP:0xee
mode:DIO, clock div:1
load:0x3fce2820,len:0x15d0
load:0x403c8700,len:0xd20
load:0x403cb700,len:0x2f60
entry 0x403c8924
[0;32mI (24) boot: ESP-IDF v5.5-dev-2290-g94cfe394fe-dirty 2nd stage bootloader[0m
[0;32mI (24) boot: compile time Mar  8 2025 22:06:51[0m
[0;32mI (24) boot: Multicore bootloader[0m
[0;32mI (26) boot: chip revision: v0.1[0m
[0;32mI (29) boot: efuse block revision: v1.2[0m
[0;32mI (33) boot.esp32s3: Boot SPI Speed : 80MHz[0m
[0;32mI (37) boot.esp32s3: SPI Mode       : DIO[0m
[0;32mI (40) boot.esp32s3: SPI Flash Size : 2MB[0m
[0;32mI (44) boot: Enabling RNG early entropy source...[0m
[0;32mI (49) boot: Partition Table:[0m
[0;32mI (51) boot: ## Label            Usage          Type ST Offset   Length[0m
[0;32mI (58) boot:  0 nvs              WiFi data        01 02 00009000 00006000[0m
[0;32mI (64) boot:  1 phy_init         RF data          01 01 0000f000 00001000[0m
[0;32mI (71) boot:  2 factory          factory app      00 00 00010000 00100000[0m
[0;32mI (77) boot: End of partition table[0m
[0;32mI (81) esp_image: segment 0: paddr=00010020 vaddr=3c090020 size=1a6d0h (108240) map[0m
[0;32mI (107) esp_image: segment 1: paddr=0002a6f8 vaddr=3fc99e00 size=0499ch ( 18844) load[0m
[0;32mI (111) esp_image: segment 2: paddr=0002f09c vaddr=40374000 size=00f7ch (  3964) load[0m
[0;32mI (113) esp_image: segment 3: paddr=00030020 vaddr=42000020 size=85d30h (548144) map[0m
[0;32mI (215) esp_image: segment 4: paddr=000b5d58 vaddr=40374f7c size=14dach ( 85420) load[0m
[0;32mI (234) esp_image: segment 5: paddr=000cab0c vaddr=600fe000 size=0001ch (    28) load[0m
[0;32mI (243) boot: Loaded app from partition at offset 0x10000[0m
[0;32mI (243) boot: Disabling RNG early entropy source...[0m
[0;32mI (253) cpu_start: Multicore app[0m
[0;32mI (262) cpu_start: Pro cpu start user code[0m
[0;32mI (262) cpu_start: cpu freq: 160000000 Hz[0m
[0;32mI (263) app_init: Application information:[0m
[0;32mI (263) app_init: Project name:     sonostream[0m
[0;32mI (267) app_init: App version:      52524e4-dirty[0m
[0;32mI (271) app_init: Compile time:     Mar 16 2025 17:45:46[0m
[0;32mI (276) app_init: ELF file SHA256:  966beabbe...[0m
[0;32mI (280) app_init: ESP-IDF:          v5.5-dev-2290-g94cfe394fe-dirty[0m
[0;32mI (286) efuse_init: Min chip rev:     v0.0[0m
[0;32mI (290) efuse_init: Max chip rev:     v0.99 [0m
[0;32mI (294) efuse_init: Chip rev:         v0.1[0m
[0;32mI (298) heap_init: Initializing. RAM available for dynamic allocation:[0m
[0;32mI (304) heap_init: At 3FCA2428 len 000472E8 (284 KiB): RAM[0m
[0;32mI (309) heap_init: At 3FCE9710 len 00005724 (21 KiB): RAM[0m
[0;32mI (315) heap_init: At 3FCF0000 len 00008000 (32 KiB): DRAM[0m
[0;32mI (320) heap_init: At 600FE01C len 00001FCC (7 KiB): RTCRAM[0m
[0;32mI (326) spi_flash: detected chip: generic[0m
[0;32mI (329) spi_flash: flash io: dio[0m
[0;33mW (332) spi_flash: Detected size(8192k) larger than the size in the binary image header(2048k). Using the size in the binary image header.[0m
[0;32mI (344) sleep_gpio: Configure to isolate all GPIO pins in sleep state[0m
[0;32mI (350) sleep_gpio: Enable automatic switching of GPIO sleep configuration[0m
[0;32mI (357) main_task: Started on CPU0[0m
[0;32mI (367) main_task: Calling app_main()[0m

assert failed: xQueueGenericSend queue.c:936 (pxQueue)


Backtrace: 0x40375be5:0x3fca5d50 0x4037bc89:0x3fca5d70 0x40383e91:0x3fca5d90 0x4037c0de:0x3fca5eb0 0x4200c1e7:0x3fca5ef0 0x42084d9c:0x3fca5f20 0x4037c789:0x3fca5f50




ELF file SHA256: 966beabbe

Rebooting...
ESP-ROM:esp32s3-20210327
Build:Mar 27 2021
rst:0xc (RTC_SW_CPU_RST),boot:0x28 (SPI_FAST_FLASH_BOOT)
Saved PC:0x40375b24
SPIWP:0xee
mode:DIO, clock div:1
load:0x3fce2820,len:0x15d0
load:0x403c8700,len:0xd20
load:0x403cb700,len:0x2f60
entry 0x403c8924
[0;32mI (24) boot: ESP-IDF v5.5-dev-2290-g94cfe394fe-dirty 2nd stage bootloader[0m
[0;32mI (24) boot: compile time Mar  8 2025 22:06:51[0m
[0;32mI (24) boot: Multicore bootloader[0m
[0;32mI (26) boot: chip revision: v0.1[0m
[0;32mI (29) boot: efuse block revision: v1.2[0m
[0;32mI (33) boot.esp32s3: Boot SPI Speed : 80MHz[0m
[0;32mI (37) boot.esp32s3: SPI Mode       : DIO[0m
[0;32mI (40) boot.esp32s3: SPI Flash Size : 2MB[0m
[0;32mI (44) boot: Enabling RNG early entropy source...[0m
[0;32mI (49) boot: Partition Table:[0m
[0;32mI (51) boot: ## Label            Usage          Type ST Offset   Length[0m
[0;32mI (58) boot:  0 nvs              WiFi data        01 02 00009000 00006000[0m
[0;32mI (64) boot:  1 phy_init         RF data          01 01 0000f000 00001000[0m
[0;32mI (71) boot:  2 factory          factory app      00 00 00010000 00100000[0m
[0;32mI (77) boot: End of partition table[0m
[0;32mI (81) esp_image: segment 0: paddr=00010020 vaddr=3c090020 size=1a6d0h (108240) map[0m
[0;32mI (107) esp_image: segment 1: paddr=0002a6f8 vaddr=3fc99e00 size=0499ch ( 18844) load[0m
[0;32mI (111) esp_image: segment 2: paddr=0002f09c vaddr=40374000 size=00f7ch (  3964) load[0m
[0;32mI (113) esp_image: segment 3: paddr=00030020 vaddr=42000020 size=85d30h (548144) map[0m
[0;32mI (215) esp_image: segment 4: paddr=000b5d58 vaddr=40374f7c size=14dach ( 85420) load[0m
[0;32mI (234) esp_image: segment 5: paddr=000cab0c vaddr=600fe000 size=0001ch (    28) load[0m
[0;32mI (243) boot: Loaded app from partition at offset 0x10000[0m
[0;32mI (243) boot: Disabling RNG early entropy source...[0m
[0;32mI (253) cpu_start: Multicore app[0m
[0;32mI (262) cpu_start: Pro cpu start user code[0m
[0;32mI (262) cpu_start: cpu freq: 160000000 Hz[0m
[0;32mI (262) app_init: Application information:[0m
[0;32mI (263) app_init: Project name:     sonostream[0m
[0;32mI (266) app_init: App version:      52524e4-dirty[0m
[0;32mI (271) app_init: Compile time:     Mar 16 2025 17:45:46[0m
[0;32mI (276) app_init: ELF file SHA256:  966beabbe...[0m
[0;32mI (280) app_init: ESP-IDF:          v5.5-dev-2290-g94cfe394fe-dirty[0m
[0;32mI (286) efuse_init: Min chip rev:     v0.0[0m
[0;32mI (290) efuse_init: Max chip rev:     v0.99 [0m
[0;32mI (294) efuse_init: Chip rev:         v0.1[0m
[0;32mI (298) heap_init: Initializing. RAM available for dynamic allocation:[0m
[0;32mI (304) heap_init: At 3FCA2428 len 000472E8 (284 KiB): RAM[0m
[0;32mI (309) heap_init: At 3FCE9710 len 00005724 (21 KiB): RAM[0m
[0;32mI (314) heap_init: At 3FCF0000 len 00008000 (32 KiB): DRAM[0m
[0;32mI (320) heap_init: At 600FE01C len 00001FCC (7 KiB): RTCRAM[0m
[0;32mI (326) spi_flash: detected chip: generic[0m
[0;32mI (329) spi_flash: flash io: dio[0m
[0;33mW (332) spi_flash: Detected size(8192k) larger than the size in the binary image header(2048k). Using the size in the binary image header.[0m
[0;32mI (344) sleep_gpio: Configure to isolate all GPIO pins in sleep state[0m
[0;32mI (350) sleep_gpio: Enable automatic switching of GPIO sleep configuration[0m
[0;32mI (357) main_task: Started on CPU0[0m
[0;32mI (367) main_task: Calling app_main()[0m

assert failed: xQueueGenericSend queue.c:936 (pxQueue)


Backtrace: 0x40375be5:0x3fca5d50 0x4037bc89:0x3fca5d70 0x40383e91:0x3fca5d90 0x4037c0de:0x3fca5eb0 0x4200c1e7:0x3fca5ef0 0x42084d9c:0x3fca5f20 0x4037c789:0x3fca5f50




ELF file SHA256: 966beabbe

Rebooting...
ESP-ROM:esp32s3-20210327
Build:Mar 27 2021
rst:0xc (RTC_SW_CPU_RST),boot:0x28 (SPI_FAST_FLASH_BOOT)
Saved PC:0x40375b24
SPIWP:0xee
mode:DIO, clock div:1
load:0x3fce2820,len:0x15d0
load:0x403c8700,len:0xd20
load:0x403cb700,len:0x2f60
entry 0x403c8924
[0;32mI (24) boot: ESP-IDF v5.5-dev-2290-g94cfe394fe-dirty 2nd stage bootloader[0m
[0;32mI (24) boot: compile time Mar  8 2025 22:06:51[0m
[0;32mI (24) boot: Multicore bootloader[0m
[0;32mI (26) boot: chip revision: v0.1[0m
[0;32mI (29) boot: efuse block revision: v1.2[0m
[0;32mI (33) boot.esp32s3: Boot SPI Speed : 80MHz[0m
[0;32mI (37) boot.esp32s3: SPI Mode       : DIO[0m
[0;32mI (40) boot.esp32s3: SPI Flash Size : 2MB[0m
[0;32mI (44) boot: Enabling RNG early entropy source...[0m
[0;32mI (49) boot: Partition Table:[0m
[0;32mI (51) boot: ## Label            Usage          Type ST Offset   Length[0m
[0;32mI (58) boot:  0 nvs              WiFi data        01 02 00009000 00006000[0m
[0;32mI (64) boot:  1 phy_init         RF data          01 01 0000f000 00001000[0m
[0;32mI (71) boot:  2 factory          factory app      00 00 00010000 00100000[0m
[0;32mI (77) boot: End of partition table[0m
[0;32mI (81) esp_image: segment 0: paddr=00010020 vaddr=3c090020 size=1a6d0h (108240) map[0m
[0;32mI (107) esp_image: segment 1: paddr=0002a6f8 vaddr=3fc99e00 size=0499ch ( 18844) load[0m
[0;32mI (111) esp_image: segment 2: paddr=0002f09c vaddr=40374000 size=00f7ch (  3964) load[0m
[0;32mI (113) esp_image: segment 3: paddr=00030020 vaddr=42000020 size=85d30h (548144) map[0m
[0;32mI (215) esp_image: segment 4: paddr=000b5d58 vaddr=40374f7c size=14dach ( 85420) load[0m
[0;32mI (234) esp_image: segment 5: paddr=000cab0c vaddr=600fe000 size=0001ch (    28) load[0m
[0;32mI (243) boot: Loaded app from partition at offset 0x10000[0m
[0;32mI (243) boot: Disabling RNG early entropy source...[0m
[0;32mI (253) cpu_start: Multicore app[0m
[0;32mI (262) cpu_start: Pro cpu start user code[0m
[0;32mI (262) cpu_start: cpu freq: 160000000 Hz[0m
[0;32mI (262) app_init: Application information:[0m
[0;32mI (263) app_init: Project name:     sonostream[0m
[0;32mI (266) app_init: App version:      52524e4-dirty[0m
[0;32mI (271) app_init: Compile time:     Mar 16 2025 17:45:46[0m
[0;32mI (276) app_init: ELF file SHA256:  966beabbe...[0m
[0;32mI (280) app_init: ESP-IDF:          v5.5-dev-2290-g94cfe394fe-dirty[0m
[0;32mI (286) efuse_init: Min chip rev:     v0.0[0m
[0;32mI (290) efuse_init: Max chip rev:     v0.99 [0m
[0;32mI (294) efuse_init: Chip rev:         v0.1[0m
[0;32mI (298) heap_init: Initializing. RAM available for dynamic allocation:[0m
[0;32mI (304) heap_init: At 3FCA2428 len 000472E8 (284 KiB): RAM[0m
[0;32mI (309) heap_init: At 3FCE9710 len 00005724 (21 KiB): RAM[0m
[0;32mI (314) heap_init: At 3FCF0000 len 00008000 (32 KiB): DRAM[0m
[0;32mI (320) heap_init: At 600FE01C len 00001FCC (7 KiB): RTCRAM[0m
[0;32mI (326) spi_flash: detected chip: generic[0m
[0;32mI (329) spi_flash: flash io: dio[0m
[0;33mW (332) spi_flash: Detected size(8192k) larger than the size in the binary image header(2048k). Using the size in the binary image header.[0m
[0;32mI (344) sleep_gpio: Configure to isolate all GPIO pins in sleep state[0m
[0;32mI (350) sleep_gpio: Enable automatic switching of GPIO sleep configuration[0m
[0;32mI (357) main_task: Started on CPU0[0m
[0;32mI (367) main_task: Calling app_main()[0m

assert failed: xQueueGenericSend queue.c:936 (pxQueue)


Backtrace: 0x40375be5:0x3fca5d50 0x4037bc89:0x3fca5d70 0x40383e91:0x3fca5d90 0x4037c0de:0x3fca5eb0 0x4200c1e7:0x3fca5ef0 0x42084d9c:0x3fca5f20 0x4037c789:0x3fca5f50




ELF file SHA256: 966beabbe

Rebooting...
ESP-ROM:esp32s3-20210327
Build:Mar 27 2021
rst:0xc (RTC_SW_CPU_RST),boot:0x28 (SPI_FAST_FLASH_BOOT)
Saved PC:0x40375b24
SPIWP:0xee
mode:DIO, clock div:1
load:0x3fce2820,len:0x15d0
load:0x403c8700,len:0xd20
load:0x403cb700,len:0x2f60
entry 0x403c8924
[0;32mI (24) boot: ESP-IDF v5.5-dev-2290-g94cfe394fe-dirty 2nd stage bootloader[0m
[0;32mI (24) boot: compile time Mar  8 2025 22:06:51[0m
[0;32mI (24) boot: Multicore bootloader[0m
[0;32mI (26) boot: chip revision: v0.1[0m
[0;32mI (29) boot: efuse block revision: v1.2[0m
[0;32mI (33) boot.esp32s3: Boot SPI Speed : 80MHz[0m
[0;32mI (37) boot.esp32s3: SPI Mode       : DIO[0m
[0;32mI (40) boot.esp32s3: SPI Flash Size : 2MB[0m
[0;32mI (44) boot: Enabling RNG early entropy source...[0m
[0;32mI (49) boot: Partition Table:[0m
[0;32mI (51) boot: ## Label            Usage          Type ST Offset   Length[0m
[0;32mI (58) boot:  0 nvs              WiFi data        01 02 00009000 00006000[0m
[0;32mI (64) boot:  1 phy_init         RF data          01 01 0000f000 00001000[0m
[0;32mI (71) boot:  2 factory          factory app      00 00 00010000 00100000[0m
[0;32mI (77) boot: End of partition table[0m
[0;32mI (81) esp_image: segment 0: paddr=00010020 vaddr=3c090020 size=1a6d0h (108240) map[0m
[0;32mI (107) esp_image: segment 1: paddr=0002a6f8 vaddr=3fc99e00 size=0499ch ( 18844) load[0m
[0;32mI (111) esp_image: segment 2: paddr=0002f09c vaddr=40374000 size=00f7ch (  3964) load[0m
[0;32mI (113) esp_image: segment 3: paddr=00030020 vaddr=42000020 size=85d30h (548144) map[0m
[0;32mI (215) esp_image: segment 4: paddr=000b5d58 vaddr=40374f7c size=14dach ( 85420) load[0m
[0;32mI (234) esp_image: segment 5: paddr=000cab0c vaddr=600fe000 size=0001ch (    28) load[0m
[0;32mI (243) boot: Loaded app from partition at offset 0x10000[0m
[0;32mI (243) boot: Disabling RNG early entropy source...[0m
[0;32mI (253) cpu_start: Multicore app[0m
[0;32mI (262) cpu_start: Pro cpu start user code[0m
[0;32mI (262) cpu_start: cpu freq: 160000000 Hz[0m
[0;32mI (262) app_init: Application information:[0m
[0;32mI (263) app_init: Project name:     sonostream[0m
[0;32mI (266) app_init: App version:      52524e4-dirty[0m
[0;32mI (271) app_init: Compile time:     Mar 16 2025 17:45:46[0m
[0;32mI (276) app_init: ELF file SHA256:  966beabbe...[0m
[0;32mI (280) app_init: ESP-IDF:          v5.5-dev-2290-g94cfe394fe-dirty[0m
[0;32mI (286) efuse_init: Min chip rev:     v0.0[0m
[0;32mI (290) efuse_init: Max chip rev:     v0.99 [0m
[0;32mI (294) efuse_init: Chip rev:         v0.1[0m
[0;32mI (298) heap_init: Initializing. RAM available for dynamic allocation:[0m
[0;32mI (304) heap_init: At 3FCA2428 len 000472E8 (284 KiB): RAM[0m
[0;32mI (309) heap_init: At 3FCE9710 len 00005724 (21 KiB): RAM[0m
[0;32mI (314) heap_init: At 3FCF0000 len 00008000 (32 KiB): DRAM[0m
[0;32mI (320) heap_init: At 600FE01C len 00001FCC (7 KiB): RTCRAM[0m
[0;32mI (326) spi_flash: detected chip: generic[0m
[0;32mI (329) spi_flash: flash io: dio[0m
[0;33mW (332) spi_flash: Detected size(8192k) larger than the size in the binary image header(2048k). Using the size in the binary image header.[0m
[0;32mI (344) sleep_gpio: Configure to isolate all GPIO pins in sleep state[0m
[0;32mI (350) sleep_gpio: Enable automatic switching of GPIO sleep configuration[0m
[0;32mI (357) main_task: Started on CPU0[0m
[0;32mI (367) main_task: Calling app_main()[0m

assert failed: xQueueGenericSend queue.c:936 (pxQueue)


Backtrace: 0x40375be5:0x3fca5d50 0x4037bc89:0x3fca5d70 0x40383e91:0x3fca5d90 0x4037c0de:0x3fca5eb0 0x4200c1e7:0x3fca5ef0 0x42084d9c:0x3fca5f20 0x4037c789:0x3fca5f50




ELF file SHA256: 966beabbe

Rebooting...
ESP-ROM:esp32s3-20210327
Build:Mar 27 2021
rst:0xc (RTC_SW_CPU_RST),boot:0x28 (SPI_FAST_FLASH_BOOT)
Saved PC:0x40375b24
SPIWP:0xee
mode:DIO, clock div:1
load:0x3fce2820,len:0x15d0
load:0x403c8700,len:0xd20
load:0x403cb700,len:0x2f60
entry 0x403c8924
[0;32mI (24) boot: ESP-IDF v5.5-dev-2290-g94cfe394fe-dirty 2nd stage bootloader[0m
[0;32mI (24) boot: compile time Mar  8 2025 22:06:51[0m
[0;32mI (24) boot: Multicore bootloader[0m
[0;32mI (26) boot: chip revision: v0.1[0m
[0;32mI (29) boot: efuse block revision: v1.2[0m
[0;32mI (33) boot.esp32s3: Boot SPI Speed : 80MHz[0m
[0;32mI (37) boot.esp32s3: SPI Mode       : DIO[0m
[0;32mI (40) boot.esp32s3: SPI Flash Size : 2MB[0m
[0;32mI (44) boot: Enabling RNG early entropy source...[0m
[0;32mI (49) boot: Partition Table:[0m
[0;32mI (51) boot: ## Label            Usage          Type ST Offset   Length[0m
[0;32mI (58) boot:  0 nvs              WiFi data        01 02 00009000 00006000[0m
[0;32mI (64) boot:  1 phy_init         RF data          01 01 0000f000 00001000[0m
[0;32mI (71) boot:  2 factory          factory app      00 00 00010000 00100000[0m
[0;32mI (77) boot: End of partition table[0m
[0;32mI (81) esp_image: segment 0: paddr=00010020 vaddr=3c090020 size=1a6d0h (108240) map[0m
[0;32mI (107) esp_image: segment 1: paddr=0002a6f8 vaddr=3fc99e00 size=0499ch ( 18844) load[0m
[0;32mI (111) esp_image: segment 2: paddr=0002f09c vaddr=40374000 size=00f7ch (  3964) load[0m
[0;32mI (113) esp_image: segment 3: paddr=00030020 vaddr=42000020 size=85d30h (548144) map[0m
[0;32mI (215) esp_image: segment 4: paddr=000b5d58 vaddr=40374f7c size=14dach ( 85420) load[0m
[0;32mI (234) esp_image: segment 5: paddr=000cab0c vaddr=600fe000 size=0001ch (    28) load[0m
[0;32mI (243) boot: Loaded app from partition at offset 0x10000[0m
[0;32mI (243) boot: Disabling RNG early entropy source...[0m
[0;32mI (253) cpu_start: Multicore app[0m
[0;32mI (262) cpu_start: Pro cpu start user code[0m
[0;32mI (262) cpu_start: cpu freq: 160000000 Hz[0m
[0;32mI (262) app_init: Application information:[0m
[0;32mI (263) app_init: Project name:     sonostream[0m
[0;32mI (266) app_init: App version:      52524e4-dirty[0m
[0;32mI (271) app_init: Compile time:     Mar 16 2025 17:45:46[0m
[0;32mI (276) app_init: ELF file SHA256:  966beabbe...[0m
[0;32mI (280) app_init: ESP-IDF:          v5.5-dev-2290-g94cfe394fe-dirty[0m
[0;32mI (286) efuse_init: Min chip rev:     v0.0[0m
[0;32mI (290) efuse_init: Max chip rev:     v0.99 [0m
[0;32mI (294) efuse_init: Chip rev:         v0.1[0m
[0;32mI (298) heap_init: Initializing. RAM available for dynamic allocation:[0m
[0;32mI (304) heap_init: At 3FCA2428 len 000472E8 (284 KiB): RAM[0m
[0;32mI (309) heap_init: At 3FCE9710 len 00005724 (21 KiB): RAM[0m
[0;32mI (314) heap_init: At 3FCF0000 len 00008000 (32 KiB): DRAM[0m
[0;32mI (320) heap_init: At 600FE01C len 00001FCC (7 KiB): RTCRAM[0m
[0;32mI (326) spi_flash: detected chip: generic[0m
[0;32mI (329) spi_flash: flash io: dio[0m
[0;33mW (332) spi_flash: Detected size(8192k) larger than the size in the binary image header(2048k). Using the size in the binary image header.[0m
[0;32mI (344) sleep_gpio: Configure to isolate all GPIO pins in sleep state[0m
[0;32mI (350) sleep_gpio: Enable automatic switching of GPIO sleep configuration[0m
[0;32mI (357) main_task: Started on CPU0[0m
[0;32mI (367) main_task: Calling app_main()[0m

assert failed: xQueueGenericSend queue.c:936 (pxQueue)


Backtrace: 0x40375be5:0x3fca5d50 0x4037bc89:0x3fca5d70 0x40383e91:0x3fca5d90 0x4037c0de:0x3fca5eb0 0x4200c1e7:0x3fca5ef0 0x42084d9c:0x3fca5f20 0x4037c789:0x3fca5f50




ELF file SHA256: 966beabbe

Rebooting...
ESP-ROM:esp32s3-20210327
Build:Mar 27 2021
rst:0xc (RTC_SW_CPU_RST),boot:0x28 (SPI_FAST_FLASH_BOOT)
Saved PC:0x40375b24
SPIWP:0xee
mode:DIO, clock div:1
load:0x3fce2820,len:0x15d0
load:0x403c8700,len:0xd20
load:0x403cb700,len:0x2f60
entry 0x403c8924
[0;32mI (24) boot: ESP-IDF v5.5-dev-2290-g94cfe394fe-dirty 2nd stage bootloader[0m
[0;32mI (24) boot: compile time Mar  8 2025 22:06:51[0m
[0;32mI (24) boot: Multicore bootloader[0m
[0;32mI (26) boot: chip revision: v0.1[0m
[0;32mI (29) boot: efuse block revision: v1.2[0m
[0;32mI (33) boot.esp32s3: Boot SPI Speed : 80MHz[0m
[0;32mI (37) boot.esp32s3: SPI Mode       : DIO[0m
[0;32mI (40) boot.esp32s3: SPI Flash Size : 2MB[0m
[0;32mI (44) boot: Enabling RNG early entropy source...[0m
[0;32mI (49) boot: Partition Table:[0m
[0;32mI (51) boot: ## Label            Usage          Type ST Offset   Length[0m
[0;32mI (58) boot:  0 nvs              WiFi data        01 02 00009000 00006000[0m
[0;32mI (64) boot:  1 phy_init         RF data          01 01 0000f000 00001000[0m
[0;32mI (71) boot:  2 factory          factory app      00 00 00010000 00100000[0m
[0;32mI (77) boot: End of partition table[0m
[0;32mI (81) esp_image: segment 0: paddr=00010020 vaddr=3c090020 size=1a6d0h (108240) map[0m
[0;32mI (107) esp_image: segment 1: paddr=0002a6f8 vaddr=3fc99e00 size=0499ch ( 18844) load[0m
[0;32mI (111) esp_image: segment 2: paddr=0002f09c vaddr=40374000 size=00f7ch (  3964) load[0m
[0;32mI (113) esp_image: segment 3: paddr=00030020 vaddr=42000020 size=85d30h (548144) map[0m
[0;32mI (215) esp_image: segment 4: paddr=000b5d58 vaddr=40374f7c size=14dach ( 85420) load[0m
[0;32mI (234) esp_image: segment 5: paddr=000cab0c vaddr=600fe000 size=0001ch (    28) load[0m
[0;32mI (243) boot: Loaded app from partition at offset 0x10000[0m
[0;32mI (243) boot: Disabling RNG early entropy source...[0m
[0;32mI (253) cpu_start: Multicore app[0m
[0;32mI (262) cpu_start: Pro cpu start user code[0m
[0;32mI (262) cpu_start: cpu freq: 160000000 Hz[0m
[0;32mI (262) app_init: Application information:[0m
[0;32mI (263) app_init: Project name:     sonostream[0m
[0;32mI (266) app_init: App version:      52524e4-dirty[0m
[0;32mI (271) app_init: Compile time:     Mar 16 2025 17:45:46[0m
[0;32mI (276) app_init: ELF file SHA256:  966beabbe...[0m
[0;32mI (280) app_init: ESP-IDF:          v5.5-dev-2290-g94cfe394fe-dirty[0m
[0;32mI (286) efuse_init: Min chip rev:     v0.0[0m
[0;32mI (290) efuse_init: Max chip rev:     v0.99 [0m
[0;32mI (294) efuse_init: Chip rev:         v0.1[0m
[0;32mI (298) heap_init: Initializing. RAM available for dynamic allocation:[0m
[0;32mI (304) heap_init: At 3FCA2428 len 000472E8 (284 KiB): RAM[0m
[0;32mI (309) heap_init: At 3FCE9710 len 00005724 (21 KiB): RAM[0m
[0;32mI (314) heap_init: At 3FCF0000 len 00008000 (32 KiB): DRAM[0m
[0;32mI (320) heap_init: At 600FE01C len 00001FCC (7 KiB): RTCRAM[0m
[0;32mI (326) spi_flash: detected chip: generic[0m
[0;32mI (329) spi_flash: flash io: dio[0m
[0;33mW (332) spi_flash: Detected size(8192k) larger than the size in the binary image header(2048k). Using the size in the binary image header.[0m
[0;32mI (344) sleep_gpio: Configure to isolate all GPIO pins in sleep state[0m
[0;32mI (350) sleep_gpio: Enable automatic switching of GPIO sleep configuration[0m
[0;32mI (357) main_task: Started on CPU0[0m
[0;32mI (367) main_task: Calling app_main()[0m

assert failed: xQueueGenericSend queue.c:936 (pxQueue)


Backtrace: 0x40375be5:0x3fca5d50 0x4037bc89:0x3fca5d70 0x40383e91:0x3fca5d90 0x4037c0de:0x3fca5eb0 0x4200c1e7:0x3fca5ef0 0x42084d9c:0x3fca5f20 0x4037c789:0x3fca5f50




ELF file SHA256: 966beabbe

Rebooting...
ESP-ROM:esp32s3-20210327
Build:Mar 27 2021
rst:0xc (RTC_SW_CPU_RST),boot:0x28 (SPI_FAST_FLASH_BOOT)
Saved PC:0x40375b24
SPIWP:0xee
mode:DIO, clock div:1
load:0x3fce2820,len:0x15d0
load:0x403c8700,len:0xd20
load:0x403cb700,len:0x2f60
entry 0x403c8924
[0;32mI (24) boot: ESP-IDF v5.5-dev-2290-g94cfe394fe-dirty 2nd stage bootloader[0m
[0;32mI (24) boot: compile time Mar  8 2025 22:06:51[0m
[0;32mI (24) boot: Multicore bootloader[0m
[0;32mI (26) boot: chip revision: v0.1[0m
[0;32mI (29) boot: efuse block revision: v1.2[0m
[0;32mI (33) boot.esp32s3: Boot SPI Speed : 80MHz[0m
[0;32mI (37) boot.esp32s3: SPI Mode       : DIO[0m
[0;32mI (40) boot.esp32s3: SPI Flash Size : 2MB[0m
[0;32mI (44) boot: Enabling RNG early entropy source...[0m
[0;32mI (49) boot: Partition Table:[0m
[0;32mI (51) boot: ## Label            Usage          Type ST Offset   Length[0m
[0;32mI (58) boot:  0 nvs              WiFi data        01 02 00009000 00006000[0m
[0;32mI (64) boot:  1 phy_init         RF data          01 01 0000f000 00001000[0m
[0;32mI (71) boot:  2 factory          factory app      00 00 00010000 00100000[0m
[0;32mI (77) boot: End of partition table[0m
[0;32mI (81) esp_image: segment 0: paddr=00010020 vaddr=3c090020 size=1a6d0h (108240) map[0m
[0;32mI (107) esp_image: segment 1: paddr=0002a6f8 vaddr=3fc99e00 size=0499ch ( 18844) load[0m
[0;32mI (111) esp_image: segment 2: paddr=0002f09c vaddr=40374000 size=00f7ch (  3964) load[0m
[0;32mI (113) esp_image: segment 3: paddr=00030020 vaddr=42000020 size=85d30h (548144) map[0m
[0;32mI (215) esp_image: segment 4: paddr=000b5d58 vaddr=40374f7c size=14dach ( 85420) load[0m
[0;32mI (234) esp_image: segment 5: paddr=000cab0c vaddr=600fe000 size=0001ch (    28) load[0m
[0;32mI (243) boot: Loaded app from partition at offset 0x10000[0m
[0;32mI (243) boot: Disabling RNG early entropy source...[0m
[0;32mI (253) cpu_start: Multicore app[0m
[0;32mI (262) cpu_start: Pro cpu start user code[0m
[0;32mI (262) cpu_start: cpu freq: 160000000 Hz[0m
[0;32mI (262) app_init: Application information:[0m
[0;32mI (263) app_init: Project name:     sonostream[0m
[0;32mI (266) app_init: App version:      52524e4-dirty[0m
[0;32mI (271) app_init: Compile time:     Mar 16 2025 17:45:46[0m
[0;32mI (276) app_init: ELF file SHA256:  966beabbe...[0m
[0;32mI (280) app_init: ESP-IDF:          v5.5-dev-2290-g94cfe394fe-dirty[0m
[0;32mI (286) efuse_init: Min chip rev:     v0.0[0m
[0;32mI (290) efuse_init: Max chip rev:     v0.99 [0m
[0;32mI (294) efuse_init: Chip rev:         v0.1[0m
[0;32mI (298) heap_init: Initializing. RAM available for dynamic allocation:[0m
[0;32mI (304) heap_init: At 3FCA2428 len 000472E8 (284 KiB): RAM[0m
[0;32mI (309) heap_init: At 3FCE9710 len 00005724 (21 KiB): RAM[0m
[0;32mI (314) heap_init: At 3FCF0000 len 00008000 (32 KiB): DRAM[0m
[0;32mI (320) heap_init: At 600FE01C len 00001FCC (7 KiB): RTCRAM[0m
[0;32mI (326) spi_flash: detected chip: generic[0m
[0;32mI (329) spi_flash: flash io: dio[0m
[0;33mW (332) spi_flash: Detected size(8192k) larger than the size in the binary image header(2048k). Using the size in the binary image header.[0m
[0;32mI (344) sleep_gpio: Configure to isolate all GPIO pins in sleep state[0m
[0;32mI (350) sleep_gpio: Enable automatic switching of GPIO sleep configuration[0m
[0;32mI (357) main_task: Started on CPU0[0m
[0;32mI (367) main_task: Calling app_main()[0m

assert failed: xQueueGenericSend queue.c:936 (pxQueue)


Backtrace: 0x40375be5:0x3fca5d50 0x4037bc89:0x3fca5d70 0x40383e91:0x3fca5d90 0x4037c0de:0x3fca5eb0 0x4200c1e7:0x3fca5ef0 0x42084d9c:0x3fca5f20 0x4037c789:0x3fca5f50




ELF file SHA256: 966beabbe

Rebooting...
ESP-ROM:esp32s3-20210327
Build:Mar 27 2021
rst:0xc (RTC_SW_CPU_RST),boot:0x28 (SPI_FAST_FLASH_BOOT)
Saved PC:0x40375b24
SPIWP:0xee
mode:DIO, clock div:1
load:0x3fce2820,len:0x15d0
load:0x403c8700,len:0xd20
load:0x403cb700,len:0x2f60
entry 0x403c8924
[0;32mI (24) boot: ESP-IDF v5.5-dev-2290-g94cfe394fe-dirty 2nd stage bootloader[0m
[0;32mI (24) boot: compile time Mar  8 2025 22:06:51[0m
[0;32mI (24) boot: Multicore bootloader[0m
[0;32mI (26) boot: chip revision: v0.1[0m
[0;32mI (29) boot: efuse block revision: v1.2[0m
[0;32mI (33) boot.esp32s3: Boot SPI Speed : 80MHz[0m
[0;32mI (37) boot.esp32s3: SPI Mode       : DIO[0m
[0;32mI (40) boot.esp32s3: SPI Flash Size : 2MB[0m
[0;32mI (44) boot: Enabling RNG early entropy source...[0m
[0;32mI (49) boot: Partition Table:[0m
[0;32mI (51) boot: ## Label            Usage          Type ST Offset   Length[0m
[0;32mI (58) boot:  0 nvs              WiFi data        01 02 00009000 00006000[0m
[0;32mI (64) boot:  1 phy_init         RF data          01 01 0000f000 00001000[0m
[0;32mI (71) boot:  2 factory          factory app      00 00 00010000 00100000[0m
[0;32mI (77) boot: End of partition table[0m
[0;32mI (81) esp_image: segment 0: paddr=00010020 vaddr=3c090020 size=1a6d0h (108240) map[0m
[0;32mI (107) esp_image: segment 1: paddr=0002a6f8 vaddr=3fc99e00 size=0499ch ( 18844) load[0m
[0;32mI (111) esp_image: segment 2: paddr=0002f09c vaddr=40374000 size=00f7ch (  3964) load[0m
[0;32mI (113) esp_image: segment 3: paddr=00030020 vaddr=42000020 size=85d30h (548144) map[0m
[0;32mI (215) esp_image: segment 4: paddr=000b5d58 vaddr=40374f7c size=14dach ( 85420) load[0m
[0;32mI (234) esp_image: segment 5: paddr=000cab0c vaddr=600fe000 size=0001ch (    28) load[0m
[0;32mI (243) boot: Loaded app from partition at offset 0x10000[0m
[0;32mI (243) boot: Disabling RNG early entropy source...[0m
[0;32mI (253) cpu_start: Multicore app[0m
[0;32mI (262) cpu_start: Pro cpu start user code[0m
[0;32mI (262) cpu_start: cpu freq: 160000000 Hz[0m
[0;32mI (262) app_init: Application information:[0m
[0;32mI (263) app_init: Project name:     sonostream[0m
[0;32mI (266) app_init: App version:      52524e4-dirty[0m
[0;32mI (271) app_init: Compile time:     Mar 16 2025 17:45:46[0m
[0;32mI (276) app_init: ELF file SHA256:  966beabbe...[0m
[0;32mI (280) app_init: ESP-IDF:          v5.5-dev-2290-g94cfe394fe-dirty[0m
[0;32mI (286) efuse_init: Min chip rev:     v0.0[0m
[0;32mI (290) efuse_init: Max chip rev:     v0.99 [0m
[0;32mI (294) efuse_init: Chip rev:         v0.1[0m
[0;32mI (298) heap_init: Initializing. RAM available for dynamic allocation:[0m
[0;32mI (304) heap_init: At 3FCA2428 len 000472E8 (284 KiB): RAM[0m
[0;32mI (309) heap_init: At 3FCE9710 len 00005724 (21 KiB): RAM[0m
[0;32mI (314) heap_init: At 3FCF0000 len 00008000 (32 KiB): DRAM[0m
[0;32mI (320) heap_init: At 600FE01C len 00001FCC (7 KiB): RTCRAM[0m
[0;32mI (326) spi_flash: detected chip: generic[0m
[0;32mI (329) spi_flash: flash io: dio[0m
[0;33mW (332) spi_flash: Detected size(8192k) larger than the size in the binary image header(2048k). Using the size in the binary image header.[0m
[0;32mI (344) sleep_gpio: Configure to isolate all GPIO pins in sleep state[0m
[0;32mI (350) sleep_gpio: Enable automatic switching of GPIO sleep configuration[0m
[0;32mI (357) main_task: Started on CPU0[0m
[0;32mI (367) main_task: Calling app_main()[0m

assert failed: xQueueGenericSend queue.c:936 (pxQueue)


Backtrace: 0x40375be5:0x3fca5d50 0x4037bc89:0x3fca5d70 0x40383e91:0x3fca5d90 0x4037c0de:0x3fca5eb0 0x4200c1e7:0x3fca5ef0 0x42084d9c:0x3fca5f20 0x4037c789:0x3fca5f50




ELF file SHA256: 966beabbe

Rebooting...
ESP-ROM:esp32s3-20210327
Build:Mar 27 2021
rst:0xc (RTC_SW_CPU_RST),boot:0x28 (SPI_FAST_FLASH_BOOT)
Saved PC:0x40375b24
SPIWP:0xee
mode:DIO, clock div:1
load:0x3fce2820,len:0x15d0
load:0x403c8700,len:0xd20
load:0x403cb700,len:0x2f60
entry 0x403c8924
[0;32mI (24) boot: ESP-IDF v5.5-dev-2290-g94cfe394fe-dirty 2nd stage bootloader[0m
[0;32mI (24) boot: compile time Mar  8 2025 22:06:51[0m
[0;32mI (24) boot: Multicore bootloader[0m
[0;32mI (26) boot: chip revision: v0.1[0m
[0;32mI (29) boot: efuse block revision: v1.2[0m
[0;32mI (33) boot.esp32s3: Boot SPI Speed : 80MHz[0m
[0;32mI (37) boot.esp32s3: SPI Mode       : DIO[0m
[0;32mI (40) boot.esp32s3: SPI Flash Size : 2MB[0m
[0;32mI (44) boot: Enabling RNG early entropy source...[0m
[0;32mI (49) boot: Partition Table:[0m
[0;32mI (51) boot: ## Label            Usage          Type ST Offset   Length[0m
[0;32mI (58) boot:  0 nvs              WiFi data        01 02 00009000 00006000[0m
[0;32mI (64) boot:  1 phy_init         RF data          01 01 0000f000 00001000[0m
[0;32mI (71) boot:  2 factory          factory app      00 00 00010000 00100000[0m
[0;32mI (77) boot: End of partition table[0m
[0;32mI (81) esp_image: segment 0: paddr=00010020 vaddr=3c090020 size=1a6d0h (108240) map[0m
[0;32mI (107) esp_image: segment 1: paddr=0002a6f8 vaddr=3fc99e00 size=0499ch ( 18844) load[0m
[0;32mI (111) esp_image: segment 2: paddr=0002f09c vaddr=40374000 size=00f7ch (  3964) load[0m
[0;32mI (113) esp_image: segment 3: paddr=00030020 vaddr=42000020 size=85d30h (548144) map[0m
[0;32mI (215) esp_image: segment 4: paddr=000b5d58 vaddr=40374f7c size=14dach ( 85420) load[0m
[0;32mI (234) esp_image: segment 5: paddr=000cab0c vaddr=600fe000 size=0001ch (    28) load[0m
[0;32mI (243) boot: Loaded app from partition at offset 0x10000[0m
[0;32mI (243) boot: Disabling RNG early entropy source...[0m
[0;32mI (253) cpu_start: Multicore app[0m
[0;32mI (262) cpu_start: Pro cpu start user code[0m
[0;32mI (262) cpu_start: cpu freq: 160000000 Hz[0m
[0;32mI (262) app_init: Application information:[0m
[0;32mI (263) app_init: Project name:     sonostream[0m
[0;32mI (266) app_init: App version:      52524e4-dirty[0m
[0;32mI (271) app_init: Compile time:     Mar 16 2025 17:45:46[0m
[0;32mI (276) app_init: ELF file SHA256:  966beabbe...[0m
[0;32mI (280) app_init: ESP-IDF:          v5.5-dev-2290-g94cfe394fe-dirty[0m
[0;32mI (286) efuse_init: Min chip rev:     v0.0[0m
[0;32mI (290) efuse_init: Max chip rev:     v0.99 [0m
[0;32mI (294) efuse_init: Chip rev:         v0.1[0m
[0;32mI (298) heap_init: Initializing. RAM available for dynamic allocation:[0m
[0;32mI (304) heap_init: At 3FCA2428 len 000472E8 (284 KiB): RAM[0m
[0;32mI (309) heap_init: At 3FCE9710 len 00005724 (21 KiB): RAM[0m
[0;32mI (314) heap_init: At 3FCF0000 len 00008000 (32 KiB): DRAM[0m
[0;32mI (320) heap_init: At 600FE01C len 00001FCC (7 KiB): RTCRAM[0m
[0;32mI (326) spi_flash: detected chip: generic[0m
[0;32mI (329) spi_flash: flash io: dio[0m
[0;33mW (332) spi_flash: Detected size(8192k) larger than the size in the binary image header(2048k). Using the size in the binary image header.[0m
[0;32mI (344) sleep_gpio: Configure to isolate all GPIO pins in sleep state[0m
[0;32mI (350) sleep_gpio: Enable automatic switching of GPIO sleep configuration[0m
[0;32mI (357) main_task: Started on CPU0[0m
[0;32mI (367) main_task: Calling app_main()[0m

assert failed: xQueueGenericSend queue.c:936 (pxQueue)


Backtrace: 0x40375be5:0x3fca5d50 0x4037bc89:0x3fca5d70 0x40383e91:0x3fca5d90 0x4037c0de:0x3fca5eb0 0x4200c1e7:0x3fca5ef0 0x42084d9c:0x3fca5f20 0x4037c789:0x3fca5f50




ELF file SHA256: 966beabbe

Rebooting...
ESP-ROM:esp32s3-20210327
Build:Mar 27 2021
rst:0xc (RTC_SW_CPU_RST),boot:0x28 (SPI_FAST_FLASH_BOOT)
Saved PC:0x40375b24
SPIWP:0xee
mode:DIO, clock div:1
load:0x3fce2820,len:0x15d0
load:0x403c8700,len:0xd20
load:0x403cb700,len:0x2f60
entry 0x403c8924
[0;32mI (24) boot: ESP-IDF v5.5-dev-2290-g94cfe394fe-dirty 2nd stage bootloader[0m
[0;32mI (24) boot: compile time Mar  8 2025 22:06:51[0m
[0;32mI (24) boot: Multicore bootloader[0m
[0;32mI (26) boot: chip revision: v0.1[0m
[0;32mI (29) boot: efuse block revision: v1.2[0m
[0;32mI (33) boot.esp32s3: Boot SPI Speed : 80MHz[0m
[0;32mI (37) boot.esp32s3: SPI Mode       : DIO[0m
[0;32mI (40) boot.esp32s3: SPI Flash Size : 2MB[0m
[0;32mI (44) boot: Enabling RNG early entropy source...[0m
[0;32mI (49) boot: Partition Table:[0m
[0;32mI (51) boot: ## Label            Usage          Type ST Offset   Length[0m
[0;32mI (58) boot:  0 nvs              WiFi data        01 02 00009000 00006000[0m
[0;32mI (64) boot:  1 phy_init         RF data          01 01 0000f000 00001000[0m
[0;32mI (71) boot:  2 factory          factory app      00 00 00010000 00100000[0m
[0;32mI (77) boot: End of partition table[0m
[0;32mI (81) esp_image: segment 0: paddr=00010020 vaddr=3c090020 size=1a6d0h (108240) map[0m
[0;32mI (107) esp_image: segment 1: paddr=0002a6f8 vaddr=3fc99e00 size=0499ch ( 18844) load[0m
[0;32mI (111) esp_image: segment 2: paddr=0002f09c vaddr=40374000 size=00f7ch (  3964) load[0m
[0;32mI (113) esp_image: segment 3: paddr=00030020 vaddr=42000020 size=85d30h (548144) map[0m
[0;32mI (215) esp_image: segment 4: paddr=000b5d58 vaddr=40374f7c size=14dach ( 85420) load[0m
[0;32mI (234) esp_image: segment 5: paddr=000cab0c vaddr=600fe000 size=0001ch (    28) load[0m
[0;32mI (243) boot: Loaded app from partition at offset 0x10000[0m
[0;32mI (243) boot: Disabling RNG early entropy source...[0m
[0;32mI (253) cpu_start: Multicore app[0m
[0;32mI (262) cpu_start: Pro cpu start user code[0m
[0;32mI (262) cpu_start: cpu freq: 160000000 Hz[0m
[0;32mI (262) app_init: Application information:[0m
[0;32mI (263) app_init: Project name:     sonostream[0m
[0;32mI (266) app_init: App version:      52524e4-dirty[0m
[0;32mI (271) app_init: Compile time:     Mar 16 2025 17:45:46[0m
[0;32mI (276) app_init: ELF file SHA256:  966beabbe...[0m
[0;32mI (280) app_init: ESP-IDF:          v5.5-dev-2290-g94cfe394fe-dirty[0m
[0;32mI (286) efuse_init: Min chip rev:     v0.0[0m
[0;32mI (290) efuse_init: Max chip rev:     v0.99 [0m
[0;32mI (294) efuse_init: Chip rev:         v0.1[0m
[0;32mI (298) heap_init: Initializing. RAM available for dynamic allocation:[0m
[0;32mI (304) heap_init: At 3FCA2428 len 000472E8 (284 KiB): RAM[0m
[0;32mI (309) heap_init: At 3FCE9710 len 00005724 (21 KiB): RAM[0m
[0;32mI (314) heap_init: At 3FCF0000 len 00008000 (32 KiB): DRAM[0m
[0;32mI (320) heap_init: At 600FE01C len 00001FCC (7 KiB): RTCRAM[0m
[0;32mI (326) spi_flash: detected chip: generic[0m
[0;32mI (329) spi_flash: flash io: dio[0m
[0;33mW (332) spi_flash: Detected size(8192k) larger than the size in the binary image header(2048k). Using the size in the binary image header.[0m
[0;32mI (344) sleep_gpio: Configure to isolate all GPIO pins in sleep state[0m
[0;32mI (350) sleep_gpio: Enable automatic switching of GPIO sleep configuration[0m
[0;32mI (357) main_task: Started on CPU0[0m
[0;32mI (367) main_task: Calling app_main()[0m

assert failed: xQueueGenericSend queue.c:936 (pxQueue)


Backtrace: 0x40375be5:0x3fca5d50 0x4037bc89:0x3fca5d70 0x40383e91:0x3fca5d90 0x4037c0de:0x3fca5eb0 0x4200c1e7:0x3fca5ef0 0x42084d9c:0x3fca5f20 0x4037c789:0x3fca5f50




ELF file SHA256: 966beabbe

Rebooting...
ESP-ROM:esp32s3-20210327
Build:Mar 27 2021
rst:0xc (RTC_SW_CPU_RST),boot:0x28 (SPI_FAST_FLASH_BOOT)
Saved PC:0x40375b24
SPIWP:0xee
mode:DIO, clock div:1
load:0x3fce2820,len:0x15d0
load:0x403c8700,len:0xd20
load:0x403cb700,len:0x2f60
entry 0x403c8924
[0;32mI (24) boot: ESP-IDF v5.5-dev-2290-g94cfe394fe-dirty 2nd stage bootloader[0m
[0;32mI (24) boot: compile time Mar  8 2025 22:06:51[0m
[0;32mI (24) boot: Multicore bootloader[0m
[0;32mI (26) boot: chip revision: v0.1[0m
[0;32mI (29) boot: efuse block revision: v1.2[0m
[0;32mI (33) boot.esp32s3: Boot SPI Speed : 80MHz[0m
[0;32mI (37) boot.esp32s3: SPI Mode       : DIO[0m
[0;32mI (40) boot.esp32s3: SPI Flash Size : 2MB[0m
[0;32mI (44) boot: Enabling RNG early entropy source...[0m
[0;32mI (49) boot: Partition Table:[0m
[0;32mI (51) boot: ## Label            Usage          Type ST Offset   Length[0m
[0;32mI (58) boot:  0 nvs              WiFi data        01 02 00009000 00006000[0m
[0;32mI (64) boot:  1 phy_init         RF data          01 01 0000f000 00001000[0m
[0;32mI (71) boot:  2 factory          factory app      00 00 00010000 00100000[0m
[0;32mI (77) boot: End of partition table[0m
[0;32mI (81) esp_image: segment 0: paddr=00010020 vaddr=3c090020 size=1a6d0h (108240) map[0m
[0;32mI (107) esp_image: segment 1: paddr=0002a6f8 vaddr=3fc99e00 size=0499ch ( 18844) load[0m
[0;32mI (111) esp_image: segment 2: paddr=0002f09c vaddr=40374000 size=00f7ch (  3964) load[0m
[0;32mI (113) esp_image: segment 3: paddr=00030020 vaddr=42000020 size=85d30h (548144) map[0m
[0;32mI (215) esp_image: segment 4: paddr=000b5d58 vaddr=40374f7c size=14dach ( 85420) load[0m
[0;32mI (234) esp_image: segment 5: paddr=000cab0c vaddr=600fe000 size=0001ch (    28) load[0m
[0;32mI (243) boot: Loaded app from partition at offset 0x10000[0m
[0;32mI (243) boot: Disabling RNG early entropy source...[0m
[0;32mI (253) cpu_start: Multicore app[0m
[0;32mI (262) cpu_start: Pro cpu start user code[0m
[0;32mI (262) cpu_start: cpu freq: 160000000 Hz[0m
[0;32mI (262) app_init: Application information:[0m
[0;32mI (263) app_init: Project name:     sonostream[0m
[0;32mI (266) app_init: App version:      52524e4-dirty[0m
[0;32mI (271) app_init: Compile time:     Mar 16 2025 17:45:46[0m
[0;32mI (276) app_init: ELF file SHA256:  966beabbe...[0m
[0;32mI (280) app_init: ESP-IDF:          v5.5-dev-2290-g94cfe394fe-dirty[0m
[0;32mI (286) efuse_init: Min chip rev:     v0.0[0m
[0;32mI (290) efuse_init: Max chip rev:     v0.99 [0m
[0;32mI (294) efuse_init: Chip rev:         v0.1[0m
[0;32mI (298) heap_init: Initializing. RAM available for dynamic allocation:[0m
[0;32mI (304) heap_init: At 3FCA2428 len 000472E8 (284 KiB): RAM[0m
[0;32mI (309) heap_init: At 3FCE9710 len 00005724 (21 KiB): RAM[0m
[0;32mI (314) heap_init: At 3FCF0000 len 00008000 (32 KiB): DRAM[0m
[0;32mI (320) heap_init: At 600FE01C len 00001FCC (7 KiB): RTCRAM[0m
[0;32mI (326) spi_flash: detected chip: generic[0m
[0;32mI (329) spi_flash: flash io: dio[0m
[0;33mW (332) spi_flash: Detected size(8192k) larger than the size in the binary image header(2048k). Using the size in the binary image header.[0m
[0;32mI (344) sleep_gpio: Configure to isolate all GPIO pins in sleep state[0m
[0;32mI (350) sleep_gpio: Enable automatic switching of GPIO sleep configuration[0m
[0;32mI (357) main_task: Started on CPU0[0m
[0;32mI (367) main_task: Calling app_main()[0m

assert failed: xQueueGenericSend queue.c:936 (pxQueue)


Backtrace: 0x40375be5:0x3fca5d50 0x4037bc89:0x3fca5d70 0x40383e91:0x3fca5d90 0x4037c0de:0x3fca5eb0 0x4200c1e7:0x3fca5ef0 0x42084d9c:0x3fca5f20 0x4037c789:0x3fca5f50




ELF file SHA256: 966beabbe

Rebooting...
ESP-ROM:esp32s3-20210327
Build:Mar 27 2021
rst:0xc (RTC_SW_CPU_RST),boot:0x28 (SPI_FAST_FLASH_BOOT)
Saved PC:0x40375b24
SPIWP:0xee
mode:DIO, clock div:1
load:0x3fce2820,len:0x15d0
load:0x403c8700,len:0xd20
load:0x403cb700,len:0x2f60
entry 0x403c8924
[0;32mI (24) boot: ESP-IDF v5.5-dev-2290-g94cfe394fe-dirty 2nd stage bootloader[0m
[0;32mI (24) boot: compile time Mar  8 2025 22:06:51[0m
[0;32mI (24) boot: Multicore bootloader[0m
[0;32mI (26) boot: chip revision: v0.1[0m
[0;32mI (29) boot: efuse block revision: v1.2[0m
[0;32mI (33) boot.esp32s3: Boot SPI Speed : 80MHz[0m
[0;32mI (37) boot.esp32s3: SPI Mode       : DIO[0m
[0;32mI (40) boot.esp32s3: SPI Flash Size : 2MB[0m
[0;32mI (44) boot: Enabling RNG early entropy source...[0m
[0;32mI (49) boot: Partition Table:[0m
[0;32mI (51) boot: ## Label            Usage          Type ST Offset   Length[0m
[0;32mI (58) boot:  0 nvs              WiFi data        01 02 00009000 00006000[0m
[0;32mI (64) boot:  1 phy_init         RF data          01 01 0000f000 00001000[0m
[0;32mI (71) boot:  2 factory          factory app      00 00 00010000 00100000[0m
[0;32mI (77) boot: End of partition table[0m
[0;32mI (81) esp_image: segment 0: paddr=00010020 vaddr=3c090020 size=1a6d0h (108240) map[0m
[0;32mI (107) esp_image: segment 1: paddr=0002a6f8 vaddr=3fc99e00 size=0499ch ( 18844) load[0m
[0;32mI (111) esp_image: segment 2: paddr=0002f09c vaddr=40374000 size=00f7ch (  3964) load[0m
[0;32mI (113) esp_image: segment 3: paddr=00030020 vaddr=42000020 size=85d30h (548144) map[0m
[0;32mI (215) esp_image: segment 4: paddr=000b5d58 vaddr=40374f7c size=14dach ( 85420) load[0m
[0;32mI (234) esp_image: segment 5: paddr=000cab0c vaddr=600fe000 size=0001ch (    28) load[0m
[0;32mI (243) boot: Loaded app from partition at offset 0x10000[0m
[0;32mI (243) boot: Disabling RNG early entropy source...[0m
[0;32mI (253) cpu_start: Multicore app[0m
[0;32mI (262) cpu_start: Pro cpu start user code[0m
[0;32mI (262) cpu_start: cpu freq: 160000000 Hz[0m
[0;32mI (262) app_init: Application information:[0m
[0;32mI (263) app_init: Project name:     sonostream[0m
[0;32mI (266) app_init: App version:      52524e4-dirty[0m
[0;32mI (271) app_init: Compile time:     Mar 16 2025 17:45:46[0m
[0;32mI (276) app_init: ELF file SHA256:  966beabbe...[0m
[0;32mI (280) app_init: ESP-IDF:          v5.5-dev-2290-g94cfe394fe-dirty[0m
[0;32mI (286) efuse_init: Min chip rev:     v0.0[0m
[0;32mI (290) efuse_init: Max chip rev:     v0.99 [0m
[0;32mI (294) efuse_init: Chip rev:         v0.1[0m
[0;32mI (298) heap_init: Initializing. RAM available for dynamic allocation:[0m
[0;32mI (304) heap_init: At 3FCA2428 len 000472E8 (284 KiB): RAM[0m
[0;32mI (309) heap_init: At 3FCE9710 len 00005724 (21 KiB): RAM[0m
[0;32mI (314) heap_init: At 3FCF0000 len 00008000 (32 KiB): DRAM[0m
[0;32mI (320) heap_init: At 600FE01C len 00001FCC (7 KiB): RTCRAM[0m
[0;32mI (326) spi_flash: detected chip: generic[0m
[0;32mI (329) spi_flash: flash io: dio[0m
[0;33mW (332) spi_flash: Detected size(8192k) larger than the size in the binary image header(2048k). Using the size in the binary image header.[0m
[0;32mI (344) sleep_gpio: Configure to isolate all GPIO pins in sleep state[0m
[0;32mI (350) sleep_gpio: Enable automatic switching of GPIO sleep configuration[0m
[0;32mI (357) main_task: Started on CPU0[0m
[0;32mI (367) main_task: Calling app_main()[0m

assert failed: xQueueGenericSend queue.c:936 (pxQueue)


Backtrace: 0x40375be5:0x3fca5d50 0x4037bc89:0x3fca5d70 0x40383e91:0x3fca5d90 0x4037c0de:0x3fca5eb0 0x4200c1e7:0x3fca5ef0 0x42084d9c:0x3fca5f20 0x4037c789:0x3fca5f50




ELF file SHA256: 966beabbe

Rebooting...
ESP-ROM:esp32s3-20210327
Build:Mar 27 2021
rst:0xc (RTC_SW_CPU_RST),boot:0x28 (SPI_FAST_FLASH_BOOT)
Saved PC:0x40375b24
SPIWP:0xee
mode:DIO, clock div:1
load:0x3fce2820,len:0x15d0
load:0x403c8700,len:0xd20
load:0x403cb700,len:0x2f60
entry 0x403c8924
[0;32mI (24) boot: ESP-IDF v5.5-dev-2290-g94cfe394fe-dirty 2nd stage bootloader[0m
[0;32mI (24) boot: compile time Mar  8 2025 22:06:51[0m
[0;32mI (24) boot: Multicore bootloader[0m
[0;32mI (26) boot: chip revision: v0.1[0m
[0;32mI (29) boot: efuse block revision: v1.2[0m
[0;32mI (33) boot.esp32s3: Boot SPI Speed : 80MHz[0m
[0;32mI (37) boot.esp32s3: SPI Mode       : DIO[0m
[0;32mI (40) boot.esp32s3: SPI Flash Size : 2MB[0m
[0;32mI (44) boot: Enabling RNG early entropy source...[0m
[0;32mI (49) boot: Partition Table:[0m
[0;32mI (51) boot: ## Label            Usage          Type ST Offset   Length[0m
[0;32mI (58) boot:  0 nvs              WiFi data        01 02 00009000 00006000[0m
[0;32mI (64) boot:  1 phy_init         RF data          01 01 0000f000 00001000[0m
[0;32mI (71) boot:  2 factory          factory app      00 00 00010000 00100000[0m
[0;32mI (77) boot: End of partition table[0m
[0;32mI (81) esp_image: segment 0: paddr=00010020 vaddr=3c090020 size=1a6d0h (108240) map[0m
[0;32mI (107) esp_image: segment 1: paddr=0002a6f8 vaddr=3fc99e00 size=0499ch ( 18844) load[0m
[0;32mI (111) esp_image: segment 2: paddr=0002f09c vaddr=40374000 size=00f7ch (  3964) load[0m
[0;32mI (113) esp_image: segment 3: paddr=00030020 vaddr=42000020 size=85d30h (548144) map[0m
[0;32mI (215) esp_image: segment 4: paddr=000b5d58 vaddr=40374f7c size=14dach ( 85420) load[0m
[0;32mI (234) esp_image: segment 5: paddr=000cab0c vaddr=600fe000 size=0001ch (    28) load[0m
[0;32mI (243) boot: Loaded app from partition at offset 0x10000[0m
[0;32mI (243) boot: Disabling RNG early entropy source...[0m
[0;32mI (253) cpu_start: Multicore app[0m
[0;32mI (262) cpu_start: Pro cpu start user code[0m
[0;32mI (262) cpu_start: cpu freq: 160000000 Hz[0m
[0;32mI (262) app_init: Application information:[0m
[0;32mI (263) app_init: Project name:     sonostream[0m
[0;32mI (266) app_init: App version:      52524e4-dirty[0m
[0;32mI (271) app_init: Compile time:     Mar 16 2025 17:45:46[0m
[0;32mI (276) app_init: ELF file SHA256:  966beabbe...[0m
[0;32mI (280) app_init: ESP-IDF:          v5.5-dev-2290-g94cfe394fe-dirty[0m
[0;32mI (286) efuse_init: Min chip rev:     v0.0[0m
[0;32mI (290) efuse_init: Max chip rev:     v0.99 [0m
[0;32mI (294) efuse_init: Chip rev:         v0.1[0m
[0;32mI (298) heap_init: Initializing. RAM available for dynamic allocation:[0m
[0;32mI (304) heap_init: At 3FCA2428 len 000472E8 (284 KiB): RAM[0m
[0;32mI (309) heap_init: At 3FCE9710 len 00005724 (21 KiB): RAM[0m
[0;32mI (314) heap_init: At 3FCF0000 len 00008000 (32 KiB): DRAM[0m
[0;32mI (320) heap_init: At 600FE01C len 00001FCC (7 KiB): RTCRAM[0m
[0;32mI (326) spi_flash: detected chip: generic[0m
[0;32mI (329) spi_flash: flash io: dio[0m
[0;33mW (332) spi_flash: Detected size(8192k) larger than the size in the binary image header(2048k). Using the size in the binary image header.[0m
[0;32mI (344) sleep_gpio: Configure to isolate all GPIO pins in sleep state[0m
[0;32mI (350) sleep_gpio: Enable automatic switching of GPIO sleep configuration[0m
[0;32mI (357) main_task: Started on CPU0[0m
[0;32mI (367) main_task: Calling app_main()[0m

assert failed: xQueueGenericSend queue.c:936 (pxQueue)


Backtrace: 0x40375be5:0x3fca5d50 0x4037bc89:0x3fca5d70 0x40383e91:0x3fca5d90 0x4037c0de:0x3fca5eb0 0x4200c1e7:0x3fca5ef0 0x42084d9c:0x3fca5f20 0x4037c789:0x3fca5f50




ELF file SHA256: 966beabbe

Rebooting...
ESP-ROM:esp32s3-20210327
Build:Mar 27 2021
rst:0xc (RTC_SW_CPU_RST),boot:0x28 (SPI_FAST_FLASH_BOOT)
Saved PC:0x40375b24
SPIWP:0xee
mode:DIO, clock div:1
load:0x3fce2820,len:0x15d0
load:0x403c8700,len:0xd20
load:0x403cb700,len:0x2f60
entry 0x403c8924
[0;32mI (24) boot: ESP-IDF v5.5-dev-2290-g94cfe394fe-dirty 2nd stage bootloader[0m
[0;32mI (24) boot: compile time Mar  8 2025 22:06:51[0m
[0;32mI (24) boot: Multicore bootloader[0m
[0;32mI (26) boot: chip revision: v0.1[0m
[0;32mI (29) boot: efuse block revision: v1.2[0m
[0;32mI (33) boot.esp32s3: Boot SPI Speed : 80MHz[0m
[0;32mI (37) boot.esp32s3: SPI Mode       : DIO[0m
[0;32mI (40) boot.esp32s3: SPI Flash Size : 2MB[0m
[0;32mI (44) boot: Enabling RNG early entropy source...[0m
[0;32mI (49) boot: Partition Table:[0m
[0;32mI (51) boot: ## Label            Usage          Type ST Offset   Length[0m
[0;32mI (58) boot:  0 nvs              WiFi data        01 02 00009000 00006000[0m
[0;32mI (64) boot:  1 phy_init         RF data          01 01 0000f000 00001000[0m
[0;32mI (71) boot:  2 factory          factory app      00 00 00010000 00100000[0m
[0;32mI (77) boot: End of partition table[0m
[0;32mI (81) esp_image: segment 0: paddr=00010020 vaddr=3c090020 size=1a6d0h (108240) map[0m
[0;32mI (107) esp_image: segment 1: paddr=0002a6f8 vaddr=3fc99e00 size=0499ch ( 18844) load[0m
[0;32mI (111) esp_image: segment 2: paddr=0002f09c vaddr=40374000 size=00f7ch (  3964) load[0m
[0;32mI (113) esp_image: segment 3: paddr=00030020 vaddr=42000020 size=85d30h (548144) map[0m
[0;32mI (215) esp_image: segment 4: paddr=000b5d58 vaddr=40374f7c size=14dach ( 85420) load[0m
[0;32mI (234) esp_image: segment 5: paddr=000cab0c vaddr=600fe000 size=0001ch (    28) load[0m
[0;32mI (243) boot: Loaded app from partition at offset 0x10000[0m
[0;32mI (243) boot: Disabling RNG early entropy source...[0m
[0;32mI (253) cpu_start: Multicore app[0m
[0;32mI (262) cpu_start: Pro cpu start user code[0m
[0;32mI (262) cpu_start: cpu freq: 160000000 Hz[0m
[0;32mI (262) app_init: Application information:[0m
[0;32mI (263) app_init: Project name:     sonostream[0m
[0;32mI (266) app_init: App version:      52524e4-dirty[0m
[0;32mI (271) app_init: Compile time:     Mar 16 2025 17:45:46[0m
[0;32mI (276) app_init: ELF file SHA256:  966beabbe...[0m
[0;32mI (280) app_init: ESP-IDF:          v5.5-dev-2290-g94cfe394fe-dirty[0m
[0;32mI (286) efuse_init: Min chip rev:     v0.0[0m
[0;32mI (290) efuse_init: Max chip rev:     v0.99 [0m
[0;32mI (294) efuse_init: Chip rev:         v0.1[0m
[0;32mI (298) heap_init: Initializing. RAM available for dynamic allocation:[0m
[0;32mI (304) heap_init: At 3FCA2428 len 000472E8 (284 KiB): RAM[0m
[0;32mI (309) heap_init: At 3FCE9710 len 00005724 (21 KiB): RAM[0m
[0;32mI (314) heap_init: At 3FCF0000 len 00008000 (32 KiB): DRAM[0m
[0;32mI (320) heap_init: At 600FE01C len 00001FCC (7 KiB): RTCRAM[0m
[0;32mI (326) spi_flash: detected chip: generic[0m
[0;32mI (329) spi_flash: flash io: dio[0m
[0;33mW (332) spi_flash: Detected size(8192k) larger than the size in the binary image header(2048k). Using the size in the binary image header.[0m
[0;32mI (344) sleep_gpio: Configure to isolate all GPIO pins in sleep state[0m
[0;32mI (350) sleep_gpio: Enable automatic switching of GPIO sleep configuration[0m
[0;32mI (357) main_task: Started on CPU0[0m
[0;32mI (367) main_task: Calling app_main()[0m

assert failed: xQueueGenericSend queue.c:936 (pxQueue)


Backtrace: 0x40375be5:0x3fca5d50 0x4037bc89:0x3fca5d70 0x40383e91:0x3fca5d90 0x4037c0de:0x3fca5eb0 0x4200c1e7:0x3fca5ef0 0x42084d9c:0x3fca5f20 0x4037c789:0x3fca5f50




ELF file SHA256: 966beabbe

Rebooting...
ESP-ROM:esp32s3-20210327
Build:Mar 27 2021
rst:0xc (RTC_SW_CPU_RST),boot:0x28 (SPI_FAST_FLASH_BOOT)
Saved PC:0x40375b24
SPIWP:0xee
mode:DIO, clock div:1
load:0x3fce2820,len:0x15d0
load:0x403c8700,len:0xd20
load:0x403cb700,len:0x2f60
entry 0x403c8924
[0;32mI (24) boot: ESP-IDF v5.5-dev-2290-g94cfe394fe-dirty 2nd stage bootloader[0m
[0;32mI (24) boot: compile time Mar  8 2025 22:06:51[0m
[0;32mI (24) boot: Multicore bootloader[0m
[0;32mI (26) boot: chip revision: v0.1[0m
[0;32mI (29) boot: efuse block revision: v1.2[0m
[0;32mI (33) boot.esp32s3: Boot SPI Speed : 80MHz[0m
[0;32mI (37) boot.esp32s3: SPI Mode       : DIO[0m
[0;32mI (40) boot.esp32s3: SPI Flash Size : 2MB[0m
[0;32mI (44) boot: Enabling RNG early entropy source...[0m
[0;32mI (49) boot: Partition Table:[0m
[0;32mI (51) boot: ## Label            Usage          Type ST Offset   Length[0m
[0;32mI (58) boot:  0 nvs              WiFi data        01 02 00009000 00006000[0m
[0;32mI (64) boot:  1 phy_init         RF data          01 01 0000f000 00001000[0m
[0;32mI (71) boot:  2 factory          factory app      00 00 00010000 00100000[0m
[0;32mI (77) boot: End of partition table[0m
[0;32mI (81) esp_image: segment 0: paddr=00010020 vaddr=3c090020 size=1a6d0h (108240) map[0m
[0;32mI (107) esp_image: segment 1: paddr=0002a6f8 vaddr=3fc99e00 size=0499ch ( 18844) load[0m
[0;32mI (111) esp_image: segment 2: paddr=0002f09c vaddr=40374000 size=00f7ch (  3964) load[0m
[0;32mI (113) esp_image: segment 3: paddr=00030020 vaddr=42000020 size=85d30h (548144) map[0m
[0;32mI (215) esp_image: segment 4: paddr=000b5d58 vaddr=40374f7c size=14dach ( 85420) load[0m
[0;32mI (234) esp_image: segment 5: paddr=000cab0c vaddr=600fe000 size=0001ch (    28) load[0m
[0;32mI (243) boot: Loaded app from partition at offset 0x10000[0m
[0;32mI (243) boot: Disabling RNG early entropy source...[0m
[0;32mI (253) cpu_start: Multicore app[0m
[0;32mI (262) cpu_start: Pro cpu start user code[0m
[0;32mI (262) cpu_start: cpu freq: 160000000 Hz[0m
[0;32mI (262) app_init: Application information:[0m
[0;32mI (263) app_init: Project name:     sonostream[0m
[0;32mI (266) app_init: App version:      52524e4-dirty[0m
[0;32mI (271) app_init: Compile time:     Mar 16 2025 17:45:46[0m
[0;32mI (276) app_init: ELF file SHA256:  966beabbe...[0m
[0;32mI (280) app_init: ESP-IDF:          v5.5-dev-2290-g94cfe394fe-dirty[0m
[0;32mI (286) efuse_init: Min chip rev:     v0.0[0m
[0;32mI (290) efuse_init: Max chip rev:     v0.99 [0m
[0;32mI (294) efuse_init: Chip rev:         v0.1[0m
[0;32mI (298) heap_init: Initializing. RAM available for dynamic allocation:[0m
[0;32mI (304) heap_init: At 3FCA2428 len 000472E8 (284 KiB): RAM[0m
[0;32mI (309) heap_init: At 3FCE9710 len 00005724 (21 KiB): RAM[0m
[0;32mI (314) heap_init: At 3FCF0000 len 00008000 (32 KiB): DRAM[0m
[0;32mI (320) heap_init: At 600FE01C len 00001FCC (7 KiB): RTCRAM[0m
[0;32mI (326) spi_flash: detected chip: generic[0m
[0;32mI (329) spi_flash: flash io: dio[0m
[0;33mW (332) spi_flash: Detected size(8192k) larger than the size in the binary image header(2048k). Using the size in the binary image header.[0m
[0;32mI (344) sleep_gpio: Configure to isolate all GPIO pins in sleep state[0m
[0;32mI (350) sleep_gpio: Enable automatic switching of GPIO sleep configuration[0m
[0;32mI (357) main_task: Started on CPU0[0m
[0;32mI (367) main_task: Calling app_main()[0m

assert failed: xQueueGenericSend queue.c:936 (pxQueue)


Backtrace: 0x40375be5:0x3fca5d50 0x4037bc89:0x3fca5d70 0x40383e91:0x3fca5d90 0x4037c0de:0x3fca5eb0 0x4200c1e7:0x3fca5ef0 0x42084d9c:0x3fca5f20 0x4037c789:0x3fca5f50




ELF file SHA256: 966beabbe

Rebooting...
ESP-ROM:esp32s3-20210327
Build:Mar 27 2021
rst:0xc (RTC_SW_CPU_RST),boot:0x28 (SPI_FAST_FLASH_BOOT)
Saved PC:0x40375b24
SPIWP:0xee
mode:DIO, clock div:1
load:0x3fce2820,len:0x15d0
load:0x403c8700,len:0xd20
load:0x403cb700,len:0x2f60
entry 0x403c8924
[0;32mI (24) boot: ESP-IDF v5.5-dev-2290-g94cfe394fe-dirty 2nd stage bootloader[0m
[0;32mI (24) boot: compile time Mar  8 2025 22:06:51[0m
[0;32mI (24) boot: Multicore bootloader[0m
[0;32mI (26) boot: chip revision: v0.1[0m
[0;32mI (29) boot: efuse block revision: v1.2[0m
[0;32mI (33) boot.esp32s3: Boot SPI Speed : 80MHz[0m
[0;32mI (37) boot.esp32s3: SPI Mode       : DIO[0m
[0;32mI (40) boot.esp32s3: SPI Flash Size : 2MB[0m
[0;32mI (44) boot: Enabling RNG early entropy source...[0m
[0;32mI (49) boot: Partition Table:[0m
[0;32mI (51) boot: ## Label            Usage          Type ST Offset   Length[0m
[0;32mI (58) boot:  0 nvs              WiFi data        01 02 00009000 00006000[0m
[0;32mI (64) boot:  1 phy_init         RF data          01 01 0000f000 00001000[0m
[0;32mI (71) boot:  2 factory          factory app      00 00 00010000 00100000[0m
[0;32mI (77) boot: End of partition table[0m
[0;32mI (81) esp_image: segment 0: paddr=00010020 vaddr=3c090020 size=1a6d0h (108240) map[0m
[0;32mI (107) esp_image: segment 1: paddr=0002a6f8 vaddr=3fc99e00 size=0499ch ( 18844) load[0m
[0;32mI (111) esp_image: segment 2: paddr=0002f09c vaddr=40374000 size=00f7ch (  3964) load[0m
[0;32mI (113) esp_image: segment 3: paddr=00030020 vaddr=42000020 size=85d30h (548144) map[0m
[0;32mI (215) esp_image: segment 4: paddr=000b5d58 vaddr=40374f7c size=14dach ( 85420) load[0m
[0;32mI (234) esp_image: segment 5: paddr=000cab0c vaddr=600fe000 size=0001ch (    28) load[0m
[0;32mI (243) boot: Loaded app from partition at offset 0x10000[0m
[0;32mI (243) boot: Disabling RNG early entropy source...[0m
[0;32mI (253) cpu_start: Multicore app[0m
[0;32mI (262) cpu_start: Pro cpu start user code[0m
[0;32mI (262) cpu_start: cpu freq: 160000000 Hz[0m
[0;32mI (262) app_init: Application information:[0m
[0;32mI (263) app_init: Project name:     sonostream[0m
[0;32mI (266) app_init: App version:      52524e4-dirty[0m
[0;32mI (271) app_init: Compile time:     Mar 16 2025 17:45:46[0m
[0;32mI (276) app_init: ELF file SHA256:  966beabbe...[0m
[0;32mI (280) app_init: ESP-IDF:          v5.5-dev-2290-g94cfe394fe-dirty[0m
[0;32mI (286) efuse_init: Min chip rev:     v0.0[0m
[0;32mI (290) efuse_init: Max chip rev:     v0.99 [0m
[0;32mI (294) efuse_init: Chip rev:         v0.1[0m
[0;32mI (298) heap_init: Initializing. RAM available for dynamic allocation:[0m
[0;32mI (304) heap_init: At 3FCA2428 len 000472E8 (284 KiB): RAM[0m
[0;32mI (309) heap_init: At 3FCE9710 len 00005724 (21 KiB): RAM[0m
[0;32mI (314) heap_init: At 3FCF0000 len 00008000 (32 KiB): DRAM[0m
[0;32mI (320) heap_init: At 600FE01C len 00001FCC (7 KiB): RTCRAM[0m
[0;32mI (326) spi_flash: detected chip: generic[0m
[0;32mI (329) spi_flash: flash io: dio[0m
[0;33mW (332) spi_flash: Detected size(8192k) larger than the size in the binary image header(2048k). Using the size in the binary image header.[0m
[0;32mI (344) sleep_gpio: Configure to isolate all GPIO pins in sleep state[0m
[0;32mI (350) sleep_gpio: Enable automatic switching of GPIO sleep configuration[0m
[0;32mI (357) main_task: Started on CPU0[0m
[0;32mI (367) main_task: Calling app_main()[0m

assert failed: xQueueGenericSend queue.c:936 (pxQueue)


Backtrace: 0x40375be5:0x3fca5d50 0x4037bc89:0x3fca5d70 0x40383e91:0x3fca5d90 0x4037c0de:0x3fca5eb0 0x4200c1e7:0x3fca5ef0 0x42084d9c:0x3fca5f20 0x4037c789:0x3fca5f50




ELF file SHA256: 966beabbe

Rebooting...
ESP-ROM:esp32s3-20210327
Build:Mar 27 2021
rst:0xc (RTC_SW_CPU_RST),boot:0x28 (SPI_FAST_FLASH_BOOT)
Saved PC:0x40375b24
SPIWP:0xee
mode:DIO, clock div:1
load:0x3fce2820,len:0x15d0
load:0x403c8700,len:0xd20
load:0x403cb700,len:0x2f60
entry 0x403c8924
[0;32mI (24) boot: ESP-IDF v5.5-dev-2290-g94cfe394fe-dirty 2nd stage bootloader[0m
[0;32mI (24) boot: compile time Mar  8 2025 22:06:51[0m
[0;32mI (24) boot: Multicore bootloader[0m
[0;32mI (26) boot: chip revision: v0.1[0m
[0;32mI (29) boot: efuse block revision: v1.2[0m
[0;32mI (33) boot.esp32s3: Boot SPI Speed : 80MHz[0m
[0;32mI (37) boot.esp32s3: SPI Mode       : DIO[0m
[0;32mI (40) boot.esp32s3: SPI Flash Size : 2MB[0m
[0;32mI (44) boot: Enabling RNG early entropy source...[0m
[0;32mI (49) boot: Partition Table:[0m
[0;32mI (51) boot: ## Label            Usage          Type ST Offset   Length[0m
[0;32mI (58) boot:  0 nvs              WiFi data        01 02 00009000 00006000[0m
[0;32mI (64) boot:  1 phy_init         RF data          01 01 0000f000 00001000[0m
[0;32mI (71) boot:  2 factory          factory app      00 00 00010000 00100000[0m
[0;32mI (77) boot: End of partition table[0m
[0;32mI (81) esp_image: segment 0: paddr=00010020 vaddr=3c090020 size=1a6d0h (108240) map[0m
[0;32mI (107) esp_image: segment 1: paddr=0002a6f8 vaddr=3fc99e00 size=0499ch ( 18844) load[0m
[0;32mI (111) esp_image: segment 2: paddr=0002f09c vaddr=40374000 size=00f7ch (  3964) load[0m
[0;32mI (113) esp_image: segment 3: paddr=00030020 vaddr=42000020 size=85d30h (548144) map[0m
[0;32mI (215) esp_image: segment 4: paddr=000b5d58 vaddr=40374f7c size=14dach ( 85420) load[0m
[0;32mI (234) esp_image: segment 5: paddr=000cab0c vaddr=600fe000 size=0001ch (    28) load[0m
[0;32mI (243) boot: Loaded app from partition at offset 0x10000[0m
[0;32mI (243) boot: Disabling RNG early entropy source...[0m
[0;32mI (253) cpu_start: Multicore app[0m
[0;32mI (262) cpu_start: Pro cpu start user code[0m
[0;32mI (262) cpu_start: cpu freq: 160000000 Hz[0m
[0;32mI (262) app_init: Application information:[0m
[0;32mI (263) app_init: Project name:     sonostream[0m
[0;32mI (266) app_init: App version:      52524e4-dirty[0m
[0;32mI (271) app_init: Compile time:     Mar 16 2025 17:45:46[0m
[0;32mI (276) app_init: ELF file SHA256:  966beabbe...[0m
[0;32mI (280) app_init: ESP-IDF:          v5.5-dev-2290-g94cfe394fe-dirty[0m
[0;32mI (286) efuse_init: Min chip rev:     v0.0[0m
[0;32mI (290) efuse_init: Max chip rev:     v0.99 [0m
[0;32mI (294) efuse_init: Chip rev:         v0.1[0m
[0;32mI (298) heap_init: Initializing. RAM available for dynamic allocation:[0m
[0;32mI (304) heap_init: At 3FCA2428 len 000472E8 (284 KiB): RAM[0m
[0;32mI (309) heap_init: At 3FCE9710 len 00005724 (21 KiB): RAM[0m
[0;32mI (314) heap_init: At 3FCF0000 len 00008000 (32 KiB): DRAM[0m
[0;32mI (320) heap_init: At 600FE01C len 00001FCC (7 KiB): RTCRAM[0m
[0;32mI (326) spi_flash: detected chip: generic[0m
[0;32mI (329) spi_flash: flash io: dio[0m
[0;33mW (332) spi_flash: Detected size(8192k) larger than the size in the binary image header(2048k). Using the size in the binary image header.[0m
[0;32mI (344) sleep_gpio: Configure to isolate all GPIO pins in sleep state[0m
[0;32mI (350) sleep_gpio: Enable automatic switching of GPIO sleep configuration[0m
[0;32mI (357) main_task: Started on CPU0[0m
[0;32mI (367) main_task: Calling app_main()[0m

assert failed: xQueueGenericSend queue.c:936 (pxQueue)


Backtrace: 0x40375be5:0x3fca5d50 0x4037bc89:0x3fca5d70 0x40383e91:0x3fca5d90 0x4037c0de:0x3fca5eb0 0x4200c1e7:0x3fca5ef0 0x42084d9c:0x3fca5f20 0x4037c789:0x3fca5f50




ELF file SHA256: 966beabbe

Rebooting...
ESP-ROM:esp32s3-20210327
Build:Mar 27 2021
rst:0xc (RTC_SW_CPU_RST),boot:0x28 (SPI_FAST_FLASH_BOOT)
Saved PC:0x40375b24
SPIWP:0xee
mode:DIO, clock div:1
load:0x3fce2820,len:0x15d0
load:0x403c8700,len:0xd20
load:0x403cb700,len:0x2f60
entry 0x403c8924
[0;32mI (24) boot: ESP-IDF v5.5-dev-2290-g94cfe394fe-dirty 2nd stage bootloader[0m
[0;32mI (24) boot: compile time Mar  8 2025 22:06:51[0m
[0;32mI (24) boot: Multicore bootloader[0m
[0;32mI (26) boot: chip revision: v0.1[0m
[0;32mI (29) boot: efuse block revision: v1.2[0m
[0;32mI (33) boot.esp32s3: Boot SPI Speed : 80MHz[0m
[0;32mI (37) boot.esp32s3: SPI Mode       : DIO[0m
[0;32mI (40) boot.esp32s3: SPI Flash Size : 2MB[0m
[0;32mI (44) boot: Enabling RNG early entropy source...[0m
[0;32mI (49) boot: Partition Table:[0m
[0;32mI (51) boot: ## Label            Usage          Type ST Offset   Length[0m
[0;32mI (58) boot:  0 nvs              WiFi data        01 02 00009000 00006000[0m
[0;32mI (64) boot:  1 phy_init         RF data          01 01 0000f000 00001000[0m
[0;32mI (71) boot:  2 factory          factory app      00 00 00010000 00100000[0m
[0;32mI (77) boot: End of partition table[0m
[0;32mI (81) esp_image: segment 0: paddr=00010020 vaddr=3c090020 size=1a6d0h (108240) map[0m
[0;32mI (107) esp_image: segment 1: paddr=0002a6f8 vaddr=3fc99e00 size=0499ch ( 18844) load[0m
[0;32mI (111) esp_image: segment 2: paddr=0002f09c vaddr=40374000 size=00f7ch (  3964) load[0m
[0;32mI (113) esp_image: segment 3: paddr=00030020 vaddr=42000020 size=85d30h (548144) map[0m
[0;32mI (215) esp_image: segment 4: paddr=000b5d58 vaddr=40374f7c size=14dach ( 85420) load[0m
[0;32mI (234) esp_image: segment 5: paddr=000cab0c vaddr=600fe000 size=0001ch (    28) load[0m
[0;32mI (243) boot: Loaded app from partition at offset 0x10000[0m
[0;32mI (243) boot: Disabling RNG early entropy source...[0m
[0;32mI (253) cpu_start: Multicore app[0m
[0;32mI (262) cpu_start: Pro cpu start user code[0m
[0;32mI (262) cpu_start: cpu freq: 160000000 Hz[0m
[0;32mI (262) app_init: Application information:[0m
[0;32mI (263) app_init: Project name:     sonostream[0m
[0;32mI (266) app_init: App version:      52524e4-dirty[0m
[0;32mI (271) app_init: Compile time:     Mar 16 2025 17:45:46[0m
[0;32mI (276) app_init: ELF file SHA256:  966beabbe...[0m
[0;32mI (280) app_init: ESP-IDF:          v5.5-dev-2290-g94cfe394fe-dirty[0m
[0;32mI (286) efuse_init: Min chip rev:     v0.0[0m
[0;32mI (290) efuse_init: Max chip rev:     v0.99 [0m
[0;32mI (294) efuse_init: Chip rev:         v0.1[0m
[0;32mI (298) heap_init: Initializing. RAM available for dynamic allocation:[0m
[0;32mI (304) heap_init: At 3FCA2428 len 000472E8 (284 KiB): RAM[0m
[0;32mI (309) heap_init: At 3FCE9710 len 00005724 (21 KiB): RAM[0m
[0;32mI (314) heap_init: At 3FCF0000 len 00008000 (32 KiB): DRAM[0m
[0;32mI (320) heap_init: At 600FE01C len 00001FCC (7 KiB): RTCRAM[0m
[0;32mI (326) spi_flash: detected chip: generic[0m
[0;32mI (329) spi_flash: flash io: dio[0m
[0;33mW (332) spi_flash: Detected size(8192k) larger than the size in the binary image header(2048k). Using the size in the binary image header.[0m
[0;32mI (344) sleep_gpio: Configure to isolate all GPIO pins in sleep state[0m
[0;32mI (350) sleep_gpio: Enable automatic switching of GPIO sleep configuration[0m
[0;32mI (357) main_task: Started on CPU0[0m
[0;32mI (367) main_task: Calling app_main()[0m

assert failed: xQueueGenericSend queue.c:936 (pxQueue)


Backtrace: 0x40375be5:0x3fca5d50 0x4037bc89:0x3fca5d70 0x40383e91:0x3fca5d90 0x4037c0de:0x3fca5eb0 0x4200c1e7:0x3fca5ef0 0x42084d9c:0x3fca5f20 0x4037c789:0x3fca5f50




ELF file SHA256: 966beabbe

Rebooting...
ESP-ROM:esp32s3-20210327
Build:Mar 27 2021
rst:0xc (RTC_SW_CPU_RST),boot:0x28 (SPI_FAST_FLASH_BOOT)
Saved PC:0x40375b24
SPIWP:0xee
mode:DIO, clock div:1
load:0x3fce2820,len:0x15d0
load:0x403c8700,len:0xd20
load:0x403cb700,len:0x2f60
entry 0x403c8924
[0;32mI (24) boot: ESP-IDF v5.5-dev-2290-g94cfe394fe-dirty 2nd stage bootloader[0m
[0;32mI (24) boot: compile time Mar  8 2025 22:06:51[0m
[0;32mI (24) boot: Multicore bootloader[0m
[0;32mI (26) boot: chip revision: v0.1[0m
[0;32mI (29) boot: efuse block revision: v1.2[0m
[0;32mI (33) boot.esp32s3: Boot SPI Speed : 80MHz[0m
[0;32mI (37) boot.esp32s3: SPI Mode       : DIO[0m
[0;32mI (40) boot.esp32s3: SPI Flash Size : 2MB[0m
[0;32mI (44) boot: Enabling RNG early entropy source...[0m
[0;32mI (49) boot: Partition Table:[0m
[0;32mI (51) boot: ## Label            Usage          Type ST Offset   Length[0m
[0;32mI (58) boot:  0 nvs              WiFi data        01 02 00009000 00006000[0m
[0;32mI (64) boot:  1 phy_init         RF data          01 01 0000f000 00001000[0m
[0;32mI (71) boot:  2 factory          factory app      00 00 00010000 00100000[0m
[0;32mI (77) boot: End of partition table[0m
[0;32mI (81) esp_image: segment 0: paddr=00010020 vaddr=3c090020 size=1a6d0h (108240) map[0m
[0;32mI (107) esp_image: segment 1: paddr=0002a6f8 vaddr=3fc99e00 size=0499ch ( 18844) load[0m
[0;32mI (111) esp_image: segment 2: paddr=0002f09c vaddr=40374000 size=00f7ch (  3964) load[0m
[0;32mI (113) esp_image: segment 3: paddr=00030020 vaddr=42000020 size=85d30h (548144) map[0m
[0;32mI (215) esp_image: segment 4: paddr=000b5d58 vaddr=40374f7c size=14dach ( 85420) load[0m
[0;32mI (234) esp_image: segment 5: paddr=000cab0c vaddr=600fe000 size=0001ch (    28) load[0m
[0;32mI (243) boot: Loaded app from partition at offset 0x10000[0m
[0;32mI (243) boot: Disabling RNG early entropy source...[0m
[0;32mI (253) cpu_start: Multicore app[0m
[0;32mI (262) cpu_start: Pro cpu start user code[0m
[0;32mI (262) cpu_start: cpu freq: 160000000 Hz[0m
[0;32mI (262) app_init: Application information:[0m
[0;32mI (263) app_init: Project name:     sonostream[0m
[0;32mI (266) app_init: App version:      52524e4-dirty[0m
[0;32mI (271) app_init: Compile time:     Mar 16 2025 17:45:46[0m
[0;32mI (276) app_init: ELF file SHA256:  966beabbe...[0m
[0;32mI (280) app_init: ESP-IDF:          v5.5-dev-2290-g94cfe394fe-dirty[0m
[0;32mI (286) efuse_init: Min chip rev:     v0.0[0m
[0;32mI (290) efuse_init: Max chip rev:     v0.99 [0m
[0;32mI (294) efuse_init: Chip rev:         v0.1[0m
[0;32mI (298) heap_init: Initializing. RAM available for dynamic allocation:[0m
[0;32mI (304) heap_init: At 3FCA2428 len 000472E8 (284 KiB): RAM[0m
[0;32mI (309) heap_init: At 3FCE9710 len 00005724 (21 KiB): RAM[0m
[0;32mI (314) heap_init: At 3FCF0000 len 00008000 (32 KiB): DRAM[0m
[0;32mI (320) heap_init: At 600FE01C len 00001FCC (7 KiB): RTCRAM[0m
[0;32mI (326) spi_flash: detected chip: generic[0m
[0;32mI (329) spi_flash: flash io: dio[0m
[0;33mW (332) spi_flash: Detected size(8192k) larger than the size in the binary image header(2048k). Using the size in the binary image header.[0m
[0;32mI (344) sleep_gpio: Configure to isolate all GPIO pins in sleep state[0m
[0;32mI (350) sleep_gpio: Enable automatic switching of GPIO sleep configuration[0m
[0;32mI (357) main_task: Started on CPU0[0m
[0;32mI (367) main_task: Calling app_main()[0m

assert failed: xQueueGenericSend queue.c:936 (pxQueue)


Backtrace: 0x40375be5:0x3fca5d50 0x4037bc89:0x3fca5d70 0x40383e91:0x3fca5d90 0x4037c0de:0x3fca5eb0 0x4200c1e7:0x3fca5ef0 0x42084d9c:0x3fca5f20 0x4037c789:0x3fca5f50




ELF file SHA256: 966beabbe

Rebooting...
ESP-ROM:esp32s3-20210327
Build:Mar 27 2021
rst:0xc (RTC_SW_CPU_RST),boot:0x28 (SPI_FAST_FLASH_BOOT)
Saved PC:0x40375b24
SPIWP:0xee
mode:DIO, clock div:1
load:0x3fce2820,len:0x15d0
load:0x403c8700,len:0xd20
load:0x403cb700,len:0x2f60
entry 0x403c8924
[0;32mI (24) boot: ESP-IDF v5.5-dev-2290-g94cfe394fe-dirty 2nd stage bootloader[0m
[0;32mI (24) boot: compile time Mar  8 2025 22:06:51[0m
[0;32mI (24) boot: Multicore bootloader[0m
[0;32mI (26) boot: chip revision: v0.1[0m
[0;32mI (29) boot: efuse block revision: v1.2[0m
[0;32mI (33) boot.esp32s3: Boot SPI Speed : 80MHz[0m
